Archive member included to satisfy reference by file (symbol)

C:\Users\asus rog gl552vwdh71\Desktop\TCII\2022\TPL\TPL2\workspace\TCII_2_0\ultimo\workspace\lpc_board_nxp_lpcxpresso_1769\Debug\liblpc_board_nxp_lpcxpresso_1769.a(board.o)
                              ./src/ADCMSIS.o (Board_LED_Set)
C:\Users\asus rog gl552vwdh71\Desktop\TCII\2022\TPL\TPL2\workspace\TCII_2_0\ultimo\workspace\lpc_board_nxp_lpcxpresso_1769\Debug\liblpc_board_nxp_lpcxpresso_1769.a(board_sysinit.o)
                              ./src/sysinit.o (Board_SystemInit)
C:\Users\asus rog gl552vwdh71\Desktop\TCII\2022\TPL\TPL2\workspace\TCII_2_0\ultimo\workspace\lpc_chip_175x_6x\Debug\liblpc_chip_175x_6x.a(adc_17xx_40xx.o)
                              ./src/adc.o (Chip_ADC_Init)
C:\Users\asus rog gl552vwdh71\Desktop\TCII\2022\TPL\TPL2\workspace\TCII_2_0\ultimo\workspace\lpc_chip_175x_6x\Debug\liblpc_chip_175x_6x.a(chip_17xx_40xx.o)
                              ./src/ADCMSIS.o (SystemCoreClockUpdate)
C:\Users\asus rog gl552vwdh71\Desktop\TCII\2022\TPL\TPL2\workspace\TCII_2_0\ultimo\workspace\lpc_chip_175x_6x\Debug\liblpc_chip_175x_6x.a(clock_17xx_40xx.o)
                              C:\Users\asus rog gl552vwdh71\Desktop\TCII\2022\TPL\TPL2\workspace\TCII_2_0\ultimo\workspace\lpc_chip_175x_6x\Debug\liblpc_chip_175x_6x.a(chip_17xx_40xx.o) (Chip_Clock_EnablePLL)
C:\Users\asus rog gl552vwdh71\Desktop\TCII\2022\TPL\TPL2\workspace\TCII_2_0\ultimo\workspace\lpc_chip_175x_6x\Debug\liblpc_chip_175x_6x.a(dac_17xx_40xx.o)
                              ./src/dac.o (Chip_DAC_Init)
C:\Users\asus rog gl552vwdh71\Desktop\TCII\2022\TPL\TPL2\workspace\TCII_2_0\ultimo\workspace\lpc_chip_175x_6x\Debug\liblpc_chip_175x_6x.a(i2s_17xx_40xx.o)
                              C:\Users\asus rog gl552vwdh71\Desktop\TCII\2022\TPL\TPL2\workspace\TCII_2_0\ultimo\workspace\lpc_board_nxp_lpcxpresso_1769\Debug\liblpc_board_nxp_lpcxpresso_1769.a(board.o) (Chip_I2S_Init)
C:\Users\asus rog gl552vwdh71\Desktop\TCII\2022\TPL\TPL2\workspace\TCII_2_0\ultimo\workspace\lpc_chip_175x_6x\Debug\liblpc_chip_175x_6x.a(iocon_17xx_40xx.o)
                              C:\Users\asus rog gl552vwdh71\Desktop\TCII\2022\TPL\TPL2\workspace\TCII_2_0\ultimo\workspace\lpc_board_nxp_lpcxpresso_1769\Debug\liblpc_board_nxp_lpcxpresso_1769.a(board.o) (Chip_IOCON_PinMux)
C:\Users\asus rog gl552vwdh71\Desktop\TCII\2022\TPL\TPL2\workspace\TCII_2_0\ultimo\workspace\lpc_chip_175x_6x\Debug\liblpc_chip_175x_6x.a(sysinit_17xx_40xx.o)
                              C:\Users\asus rog gl552vwdh71\Desktop\TCII\2022\TPL\TPL2\workspace\TCII_2_0\ultimo\workspace\lpc_board_nxp_lpcxpresso_1769\Debug\liblpc_board_nxp_lpcxpresso_1769.a(board_sysinit.o) (Chip_SetupXtalClocking)
C:\Users\asus rog gl552vwdh71\Desktop\TCII\2022\TPL\TPL2\workspace\TCII_2_0\ultimo\workspace\lpc_chip_175x_6x\Debug\liblpc_chip_175x_6x.a(uart_17xx_40xx.o)
                              C:\Users\asus rog gl552vwdh71\Desktop\TCII\2022\TPL\TPL2\workspace\TCII_2_0\ultimo\workspace\lpc_board_nxp_lpcxpresso_1769\Debug\liblpc_board_nxp_lpcxpresso_1769.a(board.o) (Chip_UART_Init)
C:\Users\asus rog gl552vwdh71\Desktop\TCII\2022\TPL\TPL2\workspace\TCII_2_0\ultimo\workspace\lpc_chip_175x_6x\Debug\liblpc_chip_175x_6x.a(ring_buffer.o)
                              C:\Users\asus rog gl552vwdh71\Desktop\TCII\2022\TPL\TPL2\workspace\TCII_2_0\ultimo\workspace\lpc_chip_175x_6x\Debug\liblpc_chip_175x_6x.a(uart_17xx_40xx.o) (RingBuffer_Insert)
C:\Users\asus rog gl552vwdh71\Desktop\TCII\2022\TPL\TPL2\workspace\TCII_2_0\ultimo\workspace\CMSIS_DSPLIB_CM3\lib\libCMSIS_DSPLIB_CM3.a(arm_float_to_q31.o)
                              ./src/ADCMSIS.o (arm_float_to_q31)
C:\Users\asus rog gl552vwdh71\Desktop\TCII\2022\TPL\TPL2\workspace\TCII_2_0\ultimo\workspace\CMSIS_DSPLIB_CM3\lib\libCMSIS_DSPLIB_CM3.a(arm_biquad_cascade_df1_init_q31.o)
                              ./src/ADCMSIS.o (arm_biquad_cascade_df1_init_q31)
C:\Users\asus rog gl552vwdh71\Desktop\TCII\2022\TPL\TPL2\workspace\TCII_2_0\ultimo\workspace\CMSIS_DSPLIB_CM3\lib\libCMSIS_DSPLIB_CM3.a(arm_biquad_cascade_df1_q31.o)
                              ./src/ADCMSIS.o (arm_biquad_cascade_df1_q31)
C:\Users\asus rog gl552vwdh71\Desktop\TCII\2022\TPL\TPL2\workspace\TCII_2_0\ultimo\workspace\CMSIS_DSPLIB_CM3\lib\libCMSIS_DSPLIB_CM3.a(arm_fir_init_q31.o)
                              ./src/ADCMSIS.o (arm_fir_init_q31)
C:\Users\asus rog gl552vwdh71\Desktop\TCII\2022\TPL\TPL2\workspace\TCII_2_0\ultimo\workspace\CMSIS_DSPLIB_CM3\lib\libCMSIS_DSPLIB_CM3.a(arm_fir_q31.o)
                              ./src/ADCMSIS.o (arm_fir_q31)
c:/nxp/mcuxpressoide_11.6.0_8187/ide/plugins/com.nxp.mcuxpresso.tools.win32_11.6.0.202112161359/tools/bin/../lib/gcc/arm-none-eabi/10.3.1/../../../../arm-none-eabi/lib/thumb/v7-m/nofp\libcr_c.a(memcpy.o)
[...]
Memory Configuration

Name             Origin             Length             Attributes
MFlash512        0x00000000         0x00080000         xr
RamLoc32         0x10000000         0x00008000         xrw
RamAHB32         0x2007c000         0x00008000         xrw
*default*        0x00000000         0xffffffff

Linker script and memory map

LOAD ./src/ADCMSIS.o
LOAD ./src/adc.o
LOAD ./src/cr_startup_lpc175x_6x.o
LOAD ./src/crp.o
LOAD ./src/dac.o
LOAD ./src/filter.o
LOAD ./src/sysinit.o
LOAD C:\Users\asus rog gl552vwdh71\Desktop\TCII\2022\TPL\TPL2\workspace\TCII_2_0\ultimo\workspace\lpc_board_nxp_lpcxpresso_1769\Debug\liblpc_board_nxp_lpcxpresso_1769.a
LOAD C:\Users\asus rog gl552vwdh71\Desktop\TCII\2022\TPL\TPL2\workspace\TCII_2_0\ultimo\workspace\lpc_chip_175x_6x\Debug\liblpc_chip_175x_6x.a
LOAD C:\Users\asus rog gl552vwdh71\Desktop\TCII\2022\TPL\TPL2\workspace\TCII_2_0\ultimo\workspace\CMSIS_DSPLIB_CM3\lib\libCMSIS_DSPLIB_CM3.a
START GROUP
LOAD c:/nxp/mcuxpressoide_11.6.0_8187/ide/plugins/com.nxp.mcuxpresso.tools.win32_11.6.0.202112161359/tools/bin/../lib/gcc/arm-none-eabi/10.3.1/../../../../arm-none-eabi/lib/thumb/v7-m/nofp\libcr_c.a
LOAD c:/nxp/mcuxpressoide_11.6.0_8187/ide/plugins/com.nxp.mcuxpresso.tools.win32_11.6.0.202112161359/tools/bin/../lib/gcc/arm-none-eabi/10.3.1/thumb/v7-m/nofp\libcr_eabihelpers.a
LOAD c:/nxp/mcuxpressoide_11.6.0_8187/ide/plugins/com.nxp.mcuxpresso.tools.win32_11.6.0.202112161359/tools/bin/../lib/gcc/arm-none-eabi/10.3.1/thumb/v7-m/nofp\libgcc.a
END GROUP
                0x00000000                __base_MFlash512 = 0x0
                0x00000000                __base_Flash = 0x0
                0x00080000                __top_MFlash512 = 0x80000
                0x00080000                __top_Flash = 0x80000
                0x10000000                __base_RamLoc32 = 0x10000000
                0x10000000                __base_RAM = 0x10000000
                0x10008000                __top_RamLoc32 = 0x10008000
                0x10008000                __top_RAM = 0x10008000
                0x2007c000                __base_RamAHB32 = 0x2007c000
                0x2007c000                __base_RAM2 = 0x2007c000
                0x20084000                __top_RamAHB32 = 0x20084000
                0x20084000                __top_RAM2 = 0x20084000

.text           0x00000000     0x1f6c
 FILL mask 0xff
                0x00000000                __vectors_start__ = ABSOLUTE (.)
 *(.isr_vector)
 .isr_vector    0x00000000       0xcc ./src/cr_startup_lpc175x_6x.o
                0x00000000                g_pfnVectors
                0x000000cc                . = ALIGN (0x4)
                0x000000cc                __section_table_start = .
                0x000000cc                __data_section_table = .
                0x000000cc        0x4 LONG 0x1f6c LOADADDR (.data)
                0x000000d0        0x4 LONG 0x10000000 ADDR (.data)
                0x000000d4        0x4 LONG 0x0 SIZEOF (.data)
                0x000000d8        0x4 LONG 0x1f6c LOADADDR (.data_RAM2)
                0x000000dc        0x4 LONG 0x2007c000 ADDR (.data_RAM2)
                0x000000e0        0x4 LONG 0x0 SIZEOF (.data_RAM2)
                0x000000e4                __data_section_table_end = .
                0x000000e4                __bss_section_table = .
                0x000000e4        0x4 LONG 0x10000000 ADDR (.bss)
                0x000000e8        0x4 LONG 0x651c SIZEOF (.bss)
                0x000000ec        0x4 LONG 0x2007c000 ADDR (.bss_RAM2)
                0x000000f0        0x4 LONG 0x0 SIZEOF (.bss_RAM2)
                0x000000f4                __bss_section_table_end = .
                0x000000f4                __section_table_end = .
 *(.after_vectors*)
 .after_vectors
                0x000000f4      0x130 ./src/cr_startup_lpc175x_6x.o
                0x000000f4                data_init
                0x00000138                bss_init
                0x00000170                ResetISR
                0x000001e8                NMI_Handler
                0x000001ee                HardFault_Handler
                0x000001f4                MemManage_Handler
                0x000001fa                BusFault_Handler
                0x00000200                UsageFault_Handler
                0x00000206                SVC_Handler
                0x0000020c                DebugMon_Handler
                0x00000212                PendSV_Handler
                0x00000218                SysTick_Handler
                0x0000021e                EINT3_IRQHandler
                0x0000021e                CANActivity_IRQHandler
                0x0000021e                TIMER3_IRQHandler
                0x0000021e                UART0_IRQHandler
                0x0000021e                UART1_IRQHandler
                0x0000021e                EINT2_IRQHandler
                0x0000021e                USBActivity_IRQHandler
                0x0000021e                IntDefaultHandler
                0x0000021e                PLL0_IRQHandler
                0x0000021e                I2C0_IRQHandler
                0x0000021e                I2C1_IRQHandler
                0x0000021e                SSP0_IRQHandler
                0x0000021e                I2S_IRQHandler
                0x0000021e                I2C2_IRQHandler
                0x0000021e                RTC_IRQHandler
                0x0000021e                TIMER0_IRQHandler
                0x0000021e                SPI_IRQHandler
                0x0000021e                RIT_IRQHandler
                0x0000021e                EINT1_IRQHandler
                0x0000021e                TIMER1_IRQHandler
                0x0000021e                UART2_IRQHandler
                0x0000021e                SSP1_IRQHandler
                0x0000021e                USB_IRQHandler
                0x0000021e                BOD_IRQHandler
                0x0000021e                PLL1_IRQHandler
                0x0000021e                WDT_IRQHandler
                0x0000021e                PWM1_IRQHandler
                0x0000021e                QEI_IRQHandler
                0x0000021e                EINT0_IRQHandler
                0x0000021e                ETH_IRQHandler
                0x0000021e                CAN_IRQHandler
                0x0000021e                DMA_IRQHandler
                0x0000021e                TIMER2_IRQHandler
                0x0000021e                UART3_IRQHandler
                0x0000021e                MCPWM_IRQHandler
                0x000002fc                . = 0x2fc
 *fill*         0x00000224       0xd8 ff
                0x000002fc                PROVIDE (__CRP_WORD_START__ = .)
 *(.crp)
 .crp           0x000002fc        0x4 ./src/crp.o
                0x000002fc                CRP_WORD
                0x00000300                PROVIDE (__CRP_WORD_END__ = .)
                0x00000001                ASSERT (! ((__CRP_WORD_START__ == __CRP_WORD_END__)), Linker CRP Enabled, but no CRP_WORD provided within application)
 *(.text*)
 .text.main     0x00000300      0x144 ./src/ADCMSIS.o
                0x00000300                main
 .text.NVIC_EnableIRQ
                0x00000444       0x30 ./src/adc.o
 .text.adcInit  0x00000474       0x4c ./src/adc.o
                0x00000474                adcInit
 .text.ADC_IRQHandler
                0x000004c0       0xcc ./src/adc.o
                0x000004c0                ADC_IRQHandler
 .text.dacInit  0x0000058c       0x14 ./src/dac.o
                0x0000058c                dacInit
 .text.dacWrite
                0x000005a0       0x1c ./src/dac.o
                0x000005a0                dacWrite
 .text.SystemInit
                0x000005bc       0x24 ./src/sysinit.o
                0x000005bc                SystemInit
 .text.Chip_IOCON_Init
                0x000005e0       0x16 C:\Users\asus rog gl552vwdh71\Desktop\TCII\2022\TPL\TPL2\workspace\TCII_2_0\ultimo\workspace\lpc_board_nxp_lpcxpresso_1769\Debug\liblpc_board_nxp_lpcxpresso_1769.a(board.o)
 .text.Chip_GPIO_Init
                0x000005f6       0x16 C:\Users\asus rog gl552vwdh71\Desktop\TCII\2022\TPL\TPL2\workspace\TCII_2_0\ultimo\workspace\lpc_board_nxp_lpcxpresso_1769\Debug\liblpc_board_nxp_lpcxpresso_1769.a(board.o)
 .text.Chip_GPIO_SetPinState
                0x0000060c       0x64 C:\Users\asus rog gl552vwdh71\Desktop\TCII\2022\TPL\TPL2\workspace\TCII_2_0\ultimo\workspace\lpc_board_nxp_lpcxpresso_1769\Debug\liblpc_board_nxp_lpcxpresso_1769.a(board.o)
 .text.Chip_GPIO_WritePortBit
                0x00000670       0x2c C:\Users\asus rog gl552vwdh71\Desktop\TCII\2022\TPL\TPL2\workspace\TCII_2_0\ultimo\workspace\lpc_board_nxp_lpcxpresso_1769\Debug\liblpc_board_nxp_lpcxpresso_1769.a(board.o)
 .text.Chip_GPIO_SetPinDIROutput
                0x0000069c       0x36 C:\Users\asus rog gl552vwdh71\Desktop\TCII\2022\TPL\TPL2\workspace\TCII_2_0\ultimo\workspace\lpc_board_nxp_lpcxpresso_1769\Debug\liblpc_board_nxp_lpcxpresso_1769.a(board.o)
 .text.Chip_GPIO_SetPinDIRInput
                0x000006d2       0x3a C:\Users\asus rog gl552vwdh71\Desktop\TCII\2022\TPL\TPL2\workspace\TCII_2_0\ultimo\workspace\lpc_board_nxp_lpcxpresso_1769\Debug\liblpc_board_nxp_lpcxpresso_1769.a(board.o)
 .text.Chip_GPIO_SetPinDIR
                0x0000070c       0x42 C:\Users\asus rog gl552vwdh71\Desktop\TCII\2022\TPL\TPL2\workspace\TCII_2_0\ultimo\workspace\lpc_board_nxp_lpcxpresso_1769\Debug\liblpc_board_nxp_lpcxpresso_1769.a(board.o)
 .text.Chip_GPIO_WriteDirBit
                0x0000074e       0x2e C:\Users\asus rog gl552vwdh71\Desktop\TCII\2022\TPL\TPL2\workspace\TCII_2_0\ultimo\workspace\lpc_board_nxp_lpcxpresso_1769\Debug\liblpc_board_nxp_lpcxpresso_1769.a(board.o)
 .text.Chip_UART_ConfigData
                0x0000077c       0x1a C:\Users\asus rog gl552vwdh71\Desktop\TCII\2022\TPL\TPL2\workspace\TCII_2_0\ultimo\workspace\lpc_board_nxp_lpcxpresso_1769\Debug\liblpc_board_nxp_lpcxpresso_1769.a(board.o)
 *fill*         0x00000796        0x2 ff
 .text.Board_LED_Init
                0x00000798       0x18 C:\Users\asus rog gl552vwdh71\Desktop\TCII\2022\TPL\TPL2\workspace\TCII_2_0\ultimo\workspace\lpc_board_nxp_lpcxpresso_1769\Debug\liblpc_board_nxp_lpcxpresso_1769.a(board.o)
 .text.Board_UART_Init
                0x000007b0       0x12 C:\Users\asus rog gl552vwdh71\Desktop\TCII\2022\TPL\TPL2\workspace\TCII_2_0\ultimo\workspace\lpc_board_nxp_lpcxpresso_1769\Debug\liblpc_board_nxp_lpcxpresso_1769.a(board.o)
                0x000007b0                Board_UART_Init
 *fill*         0x000007c2        0x2 ff
 .text.Board_Debug_Init
                0x000007c4       0x30 C:\Users\asus rog gl552vwdh71\Desktop\TCII\2022\TPL\TPL2\workspace\TCII_2_0\ultimo\workspace\lpc_board_nxp_lpcxpresso_1769\Debug\liblpc_board_nxp_lpcxpresso_1769.a(board.o)
                0x000007c4                Board_Debug_Init
 .text.Board_LED_Set
                0x000007f4       0x30 C:\Users\asus rog gl552vwdh71\Desktop\TCII\2022\TPL\TPL2\workspace\TCII_2_0\ultimo\workspace\lpc_board_nxp_lpcxpresso_1769\Debug\liblpc_board_nxp_lpcxpresso_1769.a(board.o)
                0x000007f4                Board_LED_Set
 .text.Board_Init
                0x00000824       0x24 C:\Users\asus rog gl552vwdh71\Desktop\TCII\2022\TPL\TPL2\workspace\TCII_2_0\ultimo\workspace\lpc_board_nxp_lpcxpresso_1769\Debug\liblpc_board_nxp_lpcxpresso_1769.a(board.o)
                0x00000824                Board_Init
 .text.Chip_SYSCTL_SetFLASHAccess
                0x00000848       0x30 C:\Users\asus rog gl552vwdh71\Desktop\TCII\2022\TPL\TPL2\workspace\TCII_2_0\ultimo\workspace\lpc_board_nxp_lpcxpresso_1769\Debug\liblpc_board_nxp_lpcxpresso_1769.a(board_sysinit.o)
 .text.Board_SetupMuxing
                0x00000878       0x1c C:\Users\asus rog gl552vwdh71\Desktop\TCII\2022\TPL\TPL2\workspace\TCII_2_0\ultimo\workspace\lpc_board_nxp_lpcxpresso_1769\Debug\liblpc_board_nxp_lpcxpresso_1769.a(board_sysinit.o)
                0x00000878                Board_SetupMuxing
 .text.Board_SetupClocking
                0x00000894       0x12 C:\Users\asus rog gl552vwdh71\Desktop\TCII\2022\TPL\TPL2\workspace\TCII_2_0\ultimo\workspace\lpc_board_nxp_lpcxpresso_1769\Debug\liblpc_board_nxp_lpcxpresso_1769.a(board_sysinit.o)
                0x00000894                Board_SetupClocking
 .text.Board_SystemInit
                0x000008a6       0x10 C:\Users\asus rog gl552vwdh71\Desktop\TCII\2022\TPL\TPL2\workspace\TCII_2_0\ultimo\workspace\lpc_board_nxp_lpcxpresso_1769\Debug\liblpc_board_nxp_lpcxpresso_1769.a(board_sysinit.o)
                0x000008a6                Board_SystemInit
 .text.getFullConvClk
                0x000008b6        0xe C:\Users\asus rog gl552vwdh71\Desktop\TCII\2022\TPL\TPL2\workspace\TCII_2_0\ultimo\workspace\lpc_chip_175x_6x\Debug\liblpc_chip_175x_6x.a(adc_17xx_40xx.o)
 .text.getClkDiv
                0x000008c4       0x4c C:\Users\asus rog gl552vwdh71\Desktop\TCII\2022\TPL\TPL2\workspace\TCII_2_0\ultimo\workspace\lpc_chip_175x_6x\Debug\liblpc_chip_175x_6x.a(adc_17xx_40xx.o)
 .text.setStartMode
                0x00000910       0x2c C:\Users\asus rog gl552vwdh71\Desktop\TCII\2022\TPL\TPL2\workspace\TCII_2_0\ultimo\workspace\lpc_chip_175x_6x\Debug\liblpc_chip_175x_6x.a(adc_17xx_40xx.o)
                0x00000910                setStartMode
 .text.readAdcVal
                0x0000093c       0x40 C:\Users\asus rog gl552vwdh71\Desktop\TCII\2022\TPL\TPL2\workspace\TCII_2_0\ultimo\workspace\lpc_chip_175x_6x\Debug\liblpc_chip_175x_6x.a(adc_17xx_40xx.o)
                0x0000093c                readAdcVal
 .text.Chip_ADC_Init
                0x0000097c       0x74 C:\Users\asus rog gl552vwdh71\Desktop\TCII\2022\TPL\TPL2\workspace\TCII_2_0\ultimo\workspace\lpc_chip_175x_6x\Debug\liblpc_chip_175x_6x.a(adc_17xx_40xx.o)
                0x0000097c                Chip_ADC_Init
 .text.Chip_ADC_ReadValue
                0x000009f0       0x24 C:\Users\asus rog gl552vwdh71\Desktop\TCII\2022\TPL\TPL2\workspace\TCII_2_0\ultimo\workspace\lpc_chip_175x_6x\Debug\liblpc_chip_175x_6x.a(adc_17xx_40xx.o)
                0x000009f0                Chip_ADC_ReadValue
 .text.Chip_ADC_Int_SetChannelCmd
                0x00000a14       0x48 C:\Users\asus rog gl552vwdh71\Desktop\TCII\2022\TPL\TPL2\workspace\TCII_2_0\ultimo\workspace\lpc_chip_175x_6x\Debug\liblpc_chip_175x_6x.a(adc_17xx_40xx.o)
                0x00000a14                Chip_ADC_Int_SetChannelCmd
 .text.Chip_ADC_SetSampleRate
                0x00000a5c       0x50 C:\Users\asus rog gl552vwdh71\Desktop\TCII\2022\TPL\TPL2\workspace\TCII_2_0\ultimo\workspace\lpc_chip_175x_6x\Debug\liblpc_chip_175x_6x.a(adc_17xx_40xx.o)
                0x00000a5c                Chip_ADC_SetSampleRate
 .text.Chip_ADC_EnableChannel
                0x00000aac       0x54 C:\Users\asus rog gl552vwdh71\Desktop\TCII\2022\TPL\TPL2\workspace\TCII_2_0\ultimo\workspace\lpc_chip_175x_6x\Debug\liblpc_chip_175x_6x.a(adc_17xx_40xx.o)
                0x00000aac                Chip_ADC_EnableChannel
 .text.Chip_ADC_SetBurstCmd
                0x00000b00       0x3c C:\Users\asus rog gl552vwdh71\Desktop\TCII\2022\TPL\TPL2\workspace\TCII_2_0\ultimo\workspace\lpc_chip_175x_6x\Debug\liblpc_chip_175x_6x.a(adc_17xx_40xx.o)
                0x00000b00                Chip_ADC_SetBurstCmd
 .text.SystemCoreClockUpdate
                0x00000b3c       0x18 C:\Users\asus rog gl552vwdh71\Desktop\TCII\2022\TPL\TPL2\workspace\TCII_2_0\ultimo\workspace\lpc_chip_175x_6x\Debug\liblpc_chip_175x_6x.a(chip_17xx_40xx.o)
                0x00000b3c                SystemCoreClockUpdate
 .text.Chip_Clock_IsMainPLLEnabled
                0x00000b54       0x24 C:\Users\asus rog gl552vwdh71\Desktop\TCII\2022\TPL\TPL2\workspace\TCII_2_0\ultimo\workspace\lpc_chip_175x_6x\Debug\liblpc_chip_175x_6x.a(clock_17xx_40xx.o)
 .text.Chip_Clock_IsMainPLLConnected
                0x00000b78       0x24 C:\Users\asus rog gl552vwdh71\Desktop\TCII\2022\TPL\TPL2\workspace\TCII_2_0\ultimo\workspace\lpc_chip_175x_6x\Debug\liblpc_chip_175x_6x.a(clock_17xx_40xx.o)
 .text.Chip_Clock_FeedPLL
                0x00000b9c       0x34 C:\Users\asus rog gl552vwdh71\Desktop\TCII\2022\TPL\TPL2\workspace\TCII_2_0\ultimo\workspace\lpc_chip_175x_6x\Debug\liblpc_chip_175x_6x.a(clock_17xx_40xx.o)
 .text.Chip_Clock_GetMainPLLSource
                0x00000bd0       0x20 C:\Users\asus rog gl552vwdh71\Desktop\TCII\2022\TPL\TPL2\workspace\TCII_2_0\ultimo\workspace\lpc_chip_175x_6x\Debug\liblpc_chip_175x_6x.a(clock_17xx_40xx.o)
 .text.Chip_Clock_GetMainOscRate
                0x00000bf0       0x14 C:\Users\asus rog gl552vwdh71\Desktop\TCII\2022\TPL\TPL2\workspace\TCII_2_0\ultimo\workspace\lpc_chip_175x_6x\Debug\liblpc_chip_175x_6x.a(clock_17xx_40xx.o)
 .text.Chip_Clock_GetIntOscRate
                0x00000c04       0x14 C:\Users\asus rog gl552vwdh71\Desktop\TCII\2022\TPL\TPL2\workspace\TCII_2_0\ultimo\workspace\lpc_chip_175x_6x\Debug\liblpc_chip_175x_6x.a(clock_17xx_40xx.o)
 .text.Chip_Clock_GetRTCOscRate
                0x00000c18       0x14 C:\Users\asus rog gl552vwdh71\Desktop\TCII\2022\TPL\TPL2\workspace\TCII_2_0\ultimo\workspace\lpc_chip_175x_6x\Debug\liblpc_chip_175x_6x.a(clock_17xx_40xx.o)
 .text.Chip_Clock_GetMainPLLInClockRate
                0x00000c2c        0xe C:\Users\asus rog gl552vwdh71\Desktop\TCII\2022\TPL\TPL2\workspace\TCII_2_0\ultimo\workspace\lpc_chip_175x_6x\Debug\liblpc_chip_175x_6x.a(clock_17xx_40xx.o)
 *fill*         0x00000c3a        0x2 ff
 .text.Chip_Clock_EnablePLL
                0x00000c3c       0x44 C:\Users\asus rog gl552vwdh71\Desktop\TCII\2022\TPL\TPL2\workspace\TCII_2_0\ultimo\workspace\lpc_chip_175x_6x\Debug\liblpc_chip_175x_6x.a(clock_17xx_40xx.o)
                0x00000c3c                Chip_Clock_EnablePLL
 .text.Chip_Clock_DisablePLL
                0x00000c80       0x48 C:\Users\asus rog gl552vwdh71\Desktop\TCII\2022\TPL\TPL2\workspace\TCII_2_0\ultimo\workspace\lpc_chip_175x_6x\Debug\liblpc_chip_175x_6x.a(clock_17xx_40xx.o)
                0x00000c80                Chip_Clock_DisablePLL
 .text.Chip_Clock_SetupPLL
                0x00000cc8       0x5c C:\Users\asus rog gl552vwdh71\Desktop\TCII\2022\TPL\TPL2\workspace\TCII_2_0\ultimo\workspace\lpc_chip_175x_6x\Debug\liblpc_chip_175x_6x.a(clock_17xx_40xx.o)
                0x00000cc8                Chip_Clock_SetupPLL
 .text.Chip_Clock_EnablePeriphClock
                0x00000d24       0x34 C:\Users\asus rog gl552vwdh71\Desktop\TCII\2022\TPL\TPL2\workspace\TCII_2_0\ultimo\workspace\lpc_chip_175x_6x\Debug\liblpc_chip_175x_6x.a(clock_17xx_40xx.o)
                0x00000d24                Chip_Clock_EnablePeriphClock
 .text.Chip_Clock_GetCPUClockSource
                0x00000d58       0x24 C:\Users\asus rog gl552vwdh71\Desktop\TCII\2022\TPL\TPL2\workspace\TCII_2_0\ultimo\workspace\lpc_chip_175x_6x\Debug\liblpc_chip_175x_6x.a(clock_17xx_40xx.o)
                0x00000d58                Chip_Clock_GetCPUClockSource
 .text.Chip_Clock_SetCPUClockDiv
                0x00000d7c       0x20 C:\Users\asus rog gl552vwdh71\Desktop\TCII\2022\TPL\TPL2\workspace\TCII_2_0\ultimo\workspace\lpc_chip_175x_6x\Debug\liblpc_chip_175x_6x.a(clock_17xx_40xx.o)
                0x00000d7c                Chip_Clock_SetCPUClockDiv
 .text.Chip_Clock_GetCPUClockDiv
                0x00000d9c       0x1c C:\Users\asus rog gl552vwdh71\Desktop\TCII\2022\TPL\TPL2\workspace\TCII_2_0\ultimo\workspace\lpc_chip_175x_6x\Debug\liblpc_chip_175x_6x.a(clock_17xx_40xx.o)
                0x00000d9c                Chip_Clock_GetCPUClockDiv
 .text.Chip_Clock_GetPCLKDiv
                0x00000db8       0x8c C:\Users\asus rog gl552vwdh71\Desktop\TCII\2022\TPL\TPL2\workspace\TCII_2_0\ultimo\workspace\lpc_chip_175x_6x\Debug\liblpc_chip_175x_6x.a(clock_17xx_40xx.o)
                0x00000db8                Chip_Clock_GetPCLKDiv
 .text.Chip_Clock_GetSYSCLKRate
                0x00000e44       0x3a C:\Users\asus rog gl552vwdh71\Desktop\TCII\2022\TPL\TPL2\workspace\TCII_2_0\ultimo\workspace\lpc_chip_175x_6x\Debug\liblpc_chip_175x_6x.a(clock_17xx_40xx.o)
                0x00000e44                Chip_Clock_GetSYSCLKRate
 *fill*         0x00000e7e        0x2 ff
 .text.Chip_Clock_GetMainPLLOutClockRate
                0x00000e80       0x54 C:\Users\asus rog gl552vwdh71\Desktop\TCII\2022\TPL\TPL2\workspace\TCII_2_0\ultimo\workspace\lpc_chip_175x_6x\Debug\liblpc_chip_175x_6x.a(clock_17xx_40xx.o)
                0x00000e80                Chip_Clock_GetMainPLLOutClockRate
 .text.Chip_Clock_GetMainClockRate
                0x00000ed4       0x28 C:\Users\asus rog gl552vwdh71\Desktop\TCII\2022\TPL\TPL2\workspace\TCII_2_0\ultimo\workspace\lpc_chip_175x_6x\Debug\liblpc_chip_175x_6x.a(clock_17xx_40xx.o)
                0x00000ed4                Chip_Clock_GetMainClockRate
 .text.Chip_Clock_GetSystemClockRate
                0x00000efc       0x18 C:\Users\asus rog gl552vwdh71\Desktop\TCII\2022\TPL\TPL2\workspace\TCII_2_0\ultimo\workspace\lpc_chip_175x_6x\Debug\liblpc_chip_175x_6x.a(clock_17xx_40xx.o)
                0x00000efc                Chip_Clock_GetSystemClockRate
 .text.Chip_Clock_GetPeripheralClockRate
                0x00000f14       0x26 C:\Users\asus rog gl552vwdh71\Desktop\TCII\2022\TPL\TPL2\workspace\TCII_2_0\ultimo\workspace\lpc_chip_175x_6x\Debug\liblpc_chip_175x_6x.a(clock_17xx_40xx.o)
                0x00000f14                Chip_Clock_GetPeripheralClockRate
 .text.Chip_DAC_Init
                0x00000f3a       0x18 C:\Users\asus rog gl552vwdh71\Desktop\TCII\2022\TPL\TPL2\workspace\TCII_2_0\ultimo\workspace\lpc_chip_175x_6x\Debug\liblpc_chip_175x_6x.a(dac_17xx_40xx.o)
                0x00000f3a                Chip_DAC_Init
 .text.Chip_DAC_UpdateValue
                0x00000f52       0x30 C:\Users\asus rog gl552vwdh71\Desktop\TCII\2022\TPL\TPL2\workspace\TCII_2_0\ultimo\workspace\lpc_chip_175x_6x\Debug\liblpc_chip_175x_6x.a(dac_17xx_40xx.o)
                0x00000f52                Chip_DAC_UpdateValue
 .text.Chip_DAC_SetBias
                0x00000f82       0x32 C:\Users\asus rog gl552vwdh71\Desktop\TCII\2022\TPL\TPL2\workspace\TCII_2_0\ultimo\workspace\lpc_chip_175x_6x\Debug\liblpc_chip_175x_6x.a(dac_17xx_40xx.o)
                0x00000f82                Chip_DAC_SetBias
 .text.Chip_IOCON_PinMuxSet
                0x00000fb4       0x36 C:\Users\asus rog gl552vwdh71\Desktop\TCII\2022\TPL\TPL2\workspace\TCII_2_0\ultimo\workspace\lpc_chip_175x_6x\Debug\liblpc_chip_175x_6x.a(iocon_17xx_40xx.o)
                0x00000fb4                Chip_IOCON_PinMuxSet
 .text.Chip_IOCON_PinMux
                0x00000fea       0x94 C:\Users\asus rog gl552vwdh71\Desktop\TCII\2022\TPL\TPL2\workspace\TCII_2_0\ultimo\workspace\lpc_chip_175x_6x\Debug\liblpc_chip_175x_6x.a(iocon_17xx_40xx.o)
                0x00000fea                Chip_IOCON_PinMux
 .text.Chip_IOCON_SetPinMuxing
                0x0000107e       0x64 C:\Users\asus rog gl552vwdh71\Desktop\TCII\2022\TPL\TPL2\workspace\TCII_2_0\ultimo\workspace\lpc_chip_175x_6x\Debug\liblpc_chip_175x_6x.a(iocon_17xx_40xx.o)
                0x0000107e                Chip_IOCON_SetPinMuxing
 *fill*         0x000010e2        0x2 ff
 .text.Chip_Clock_IsMainPLLEnabled
                0x000010e4       0x24 C:\Users\asus rog gl552vwdh71\Desktop\TCII\2022\TPL\TPL2\workspace\TCII_2_0\ultimo\workspace\lpc_chip_175x_6x\Debug\liblpc_chip_175x_6x.a(sysinit_17xx_40xx.o)
 .text.Chip_Clock_IsMainPLLLocked
                0x00001108       0x24 C:\Users\asus rog gl552vwdh71\Desktop\TCII\2022\TPL\TPL2\workspace\TCII_2_0\ultimo\workspace\lpc_chip_175x_6x\Debug\liblpc_chip_175x_6x.a(sysinit_17xx_40xx.o)
 .text.Chip_Clock_IsMainPLLConnected
                0x0000112c       0x24 C:\Users\asus rog gl552vwdh71\Desktop\TCII\2022\TPL\TPL2\workspace\TCII_2_0\ultimo\workspace\lpc_chip_175x_6x\Debug\liblpc_chip_175x_6x.a(sysinit_17xx_40xx.o)
 .text.Chip_Clock_EnableCrystal
                0x00001150       0x20 C:\Users\asus rog gl552vwdh71\Desktop\TCII\2022\TPL\TPL2\workspace\TCII_2_0\ultimo\workspace\lpc_chip_175x_6x\Debug\liblpc_chip_175x_6x.a(sysinit_17xx_40xx.o)
 .text.Chip_Clock_IsCrystalEnabled
                0x00001170       0x24 C:\Users\asus rog gl552vwdh71\Desktop\TCII\2022\TPL\TPL2\workspace\TCII_2_0\ultimo\workspace\lpc_chip_175x_6x\Debug\liblpc_chip_175x_6x.a(sysinit_17xx_40xx.o)
 .text.Chip_Clock_SetMainPLLSource
                0x00001194       0x20 C:\Users\asus rog gl552vwdh71\Desktop\TCII\2022\TPL\TPL2\workspace\TCII_2_0\ultimo\workspace\lpc_chip_175x_6x\Debug\liblpc_chip_175x_6x.a(sysinit_17xx_40xx.o)
 .text.Chip_SetupXtalClocking
                0x000011b4       0x90 C:\Users\asus rog gl552vwdh71\Desktop\TCII\2022\TPL\TPL2\workspace\TCII_2_0\ultimo\workspace\lpc_chip_175x_6x\Debug\liblpc_chip_175x_6x.a(sysinit_17xx_40xx.o)
                0x000011b4                Chip_SetupXtalClocking
 .text.Chip_UART_SetupFIFOS
                0x00001244       0x1a C:\Users\asus rog gl552vwdh71\Desktop\TCII\2022\TPL\TPL2\workspace\TCII_2_0\ultimo\workspace\lpc_chip_175x_6x\Debug\liblpc_chip_175x_6x.a(uart_17xx_40xx.o)
 .text.Chip_UART_ConfigData
                0x0000125e       0x1a C:\Users\asus rog gl552vwdh71\Desktop\TCII\2022\TPL\TPL2\workspace\TCII_2_0\ultimo\workspace\lpc_chip_175x_6x\Debug\liblpc_chip_175x_6x.a(uart_17xx_40xx.o)
 .text.Chip_UART_EnableDivisorAccess
                0x00001278       0x1e C:\Users\asus rog gl552vwdh71\Desktop\TCII\2022\TPL\TPL2\workspace\TCII_2_0\ultimo\workspace\lpc_chip_175x_6x\Debug\liblpc_chip_175x_6x.a(uart_17xx_40xx.o)
 .text.Chip_UART_DisableDivisorAccess
                0x00001296       0x1e C:\Users\asus rog gl552vwdh71\Desktop\TCII\2022\TPL\TPL2\workspace\TCII_2_0\ultimo\workspace\lpc_chip_175x_6x\Debug\liblpc_chip_175x_6x.a(uart_17xx_40xx.o)
 .text.Chip_UART_SetDivisorLatches
                0x000012b4       0x26 C:\Users\asus rog gl552vwdh71\Desktop\TCII\2022\TPL\TPL2\workspace\TCII_2_0\ultimo\workspace\lpc_chip_175x_6x\Debug\liblpc_chip_175x_6x.a(uart_17xx_40xx.o)
 *fill*         0x000012da        0x2 ff
 .text.Chip_UART_GetClockIndex
                0x000012dc       0x50 C:\Users\asus rog gl552vwdh71\Desktop\TCII\2022\TPL\TPL2\workspace\TCII_2_0\ultimo\workspace\lpc_chip_175x_6x\Debug\liblpc_chip_175x_6x.a(uart_17xx_40xx.o)
 .text.Chip_UART_GetClkIndex
                0x0000132c       0x50 C:\Users\asus rog gl552vwdh71\Desktop\TCII\2022\TPL\TPL2\workspace\TCII_2_0\ultimo\workspace\lpc_chip_175x_6x\Debug\liblpc_chip_175x_6x.a(uart_17xx_40xx.o)
 .text.Chip_UART_Init
                0x0000137c       0x78 C:\Users\asus rog gl552vwdh71\Desktop\TCII\2022\TPL\TPL2\workspace\TCII_2_0\ultimo\workspace\lpc_chip_175x_6x\Debug\liblpc_chip_175x_6x.a(uart_17xx_40xx.o)
                0x0000137c                Chip_UART_Init
 .text.Chip_UART_TXEnable
                0x000013f4       0x18 C:\Users\asus rog gl552vwdh71\Desktop\TCII\2022\TPL\TPL2\workspace\TCII_2_0\ultimo\workspace\lpc_chip_175x_6x\Debug\liblpc_chip_175x_6x.a(uart_17xx_40xx.o)
                0x000013f4                Chip_UART_TXEnable
 .text.Chip_UART_TXDisable
                0x0000140c       0x18 C:\Users\asus rog gl552vwdh71\Desktop\TCII\2022\TPL\TPL2\workspace\TCII_2_0\ultimo\workspace\lpc_chip_175x_6x\Debug\liblpc_chip_175x_6x.a(uart_17xx_40xx.o)
                0x0000140c                Chip_UART_TXDisable
 .text.Chip_UART_SetBaud
                0x00001424       0x62 C:\Users\asus rog gl552vwdh71\Desktop\TCII\2022\TPL\TPL2\workspace\TCII_2_0\ultimo\workspace\lpc_chip_175x_6x\Debug\liblpc_chip_175x_6x.a(uart_17xx_40xx.o)
                0x00001424                Chip_UART_SetBaud
 *fill*         0x00001486        0x2 ff
 .text.arm_float_to_q31
                0x00001488      0x148 C:\Users\asus rog gl552vwdh71\Desktop\TCII\2022\TPL\TPL2\workspace\TCII_2_0\ultimo\workspace\CMSIS_DSPLIB_CM3\lib\libCMSIS_DSPLIB_CM3.a(arm_float_to_q31.o)
                0x00001488                arm_float_to_q31
 .text.arm_biquad_cascade_df1_init_q31
                0x000015d0       0x20 C:\Users\asus rog gl552vwdh71\Desktop\TCII\2022\TPL\TPL2\workspace\TCII_2_0\ultimo\workspace\CMSIS_DSPLIB_CM3\lib\libCMSIS_DSPLIB_CM3.a(arm_biquad_cascade_df1_init_q31.o)
                0x000015d0                arm_biquad_cascade_df1_init_q31
 .text.arm_biquad_cascade_df1_q31
                0x000015f0      0x2c0 C:\Users\asus rog gl552vwdh71\Desktop\TCII\2022\TPL\TPL2\workspace\TCII_2_0\ultimo\workspace\CMSIS_DSPLIB_CM3\lib\libCMSIS_DSPLIB_CM3.a(arm_biquad_cascade_df1_q31.o)
                0x000015f0                arm_biquad_cascade_df1_q31
 .text.arm_fir_init_q31
                0x000018b0       0x24 C:\Users\asus rog gl552vwdh71\Desktop\TCII\2022\TPL\TPL2\workspace\TCII_2_0\ultimo\workspace\CMSIS_DSPLIB_CM3\lib\libCMSIS_DSPLIB_CM3.a(arm_fir_init_q31.o)
                0x000018b0                arm_fir_init_q31
 .text.arm_fir_q31
                0x000018d4      0x4f0 C:\Users\asus rog gl552vwdh71\Desktop\TCII\2022\TPL\TPL2\workspace\TCII_2_0\ultimo\workspace\CMSIS_DSPLIB_CM3\lib\libCMSIS_DSPLIB_CM3.a(arm_fir_q31.o)
                0x000018d4                arm_fir_q31
 .text.memset   0x00001dc4        0x4 c:/nxp/mcuxpressoide_11.6.0_8187/ide/plugins/com.nxp.mcuxpresso.tools.win32_11.6.0.202112161359/tools/bin/../lib/gcc/arm-none-eabi/10.3.1/../../../../arm-none-eabi/lib/thumb/v7-m/nofp\libcr_c.a(memset.o)
                0x00001dc4                memset
 .text.__weak_main
                0x00001dc8        0x4 c:/nxp/mcuxpressoide_11.6.0_8187/ide/plugins/com.nxp.mcuxpresso.tools.win32_11.6.0.202112161359/tools/bin/../lib/gcc/arm-none-eabi/10.3.1/../../../../arm-none-eabi/lib/thumb/v7-m/nofp\libcr_c.a(__weak__main.o)
                0x00001dc8                __weak_main
                0x00001dc8                __main
 .text.__aeabi_fmul
                0x00001dcc       0xac c:/nxp/mcuxpressoide_11.6.0_8187/ide/plugins/com.nxp.mcuxpresso.tools.win32_11.6.0.202112161359/tools/bin/../lib/gcc/arm-none-eabi/10.3.1/thumb/v7-m/nofp\libcr_eabihelpers.a(float.o)
                0x00001dcc                __aeabi_fmul
 .text.__aeabi_f2lz
                0x00001e78       0x5c c:/nxp/mcuxpressoide_11.6.0_8187/ide/plugins/com.nxp.mcuxpresso.tools.win32_11.6.0.202112161359/tools/bin/../lib/gcc/arm-none-eabi/10.3.1/thumb/v7-m/nofp\libcr_eabihelpers.a(float.o)
                0x00001e78                __aeabi_f2lz
 .text.__aeabi_memset_lowlevel
                0x00001ed4       0x32 c:/nxp/mcuxpressoide_11.6.0_8187/ide/plugins/com.nxp.mcuxpresso.tools.win32_11.6.0.202112161359/tools/bin/../lib/gcc/arm-none-eabi/10.3.1/thumb/v7-m/nofp\libcr_eabihelpers.a(memcpy.o)
                0x00001ed4                __aeabi_lowlevel_memset
 *(.rodata .rodata.* .constdata .constdata.*)
 *fill*         0x00001f06        0x2 ff
 .rodata.OscRateIn
                0x00001f08        0x4 C:\Users\asus rog gl552vwdh71\Desktop\TCII\2022\TPL\TPL2\workspace\TCII_2_0\ultimo\workspace\lpc_board_nxp_lpcxpresso_1769\Debug\liblpc_board_nxp_lpcxpresso_1769.a(board.o)
                0x00001f08                OscRateIn
 .rodata.RTCOscRateIn
                0x00001f0c        0x4 C:\Users\asus rog gl552vwdh71\Desktop\TCII\2022\TPL\TPL2\workspace\TCII_2_0\ultimo\workspace\lpc_board_nxp_lpcxpresso_1769\Debug\liblpc_board_nxp_lpcxpresso_1769.a(board.o)
                0x00001f0c                RTCOscRateIn
 .rodata.pinmuxing
                0x00001f10       0x5c C:\Users\asus rog gl552vwdh71\Desktop\TCII\2022\TPL\TPL2\workspace\TCII_2_0\ultimo\workspace\lpc_board_nxp_lpcxpresso_1769\Debug\liblpc_board_nxp_lpcxpresso_1769.a(board_sysinit.o)
                0x00001f6c                . = ALIGN (0x4)

.glue_7         0x00001f6c        0x0
 .glue_7        0x00001f6c        0x0 linker stubs

.glue_7t        0x00001f6c        0x0
 .glue_7t       0x00001f6c        0x0 linker stubs

.vfp11_veneer   0x00001f6c        0x0
 .vfp11_veneer  0x00001f6c        0x0 linker stubs

.v4_bx          0x00001f6c        0x0
 .v4_bx         0x00001f6c        0x0 linker stubs

.iplt           0x00001f6c        0x0
 .iplt          0x00001f6c        0x0 ./src/ADCMSIS.o

.rel.dyn        0x00001f6c        0x0
 .rel.iplt      0x00001f6c        0x0 ./src/ADCMSIS.o

.ARM.extab
 *(.ARM.extab* .gnu.linkonce.armextab.*)

.ARM.exidx      0x00001f6c        0x0
                0x00001f6c                __exidx_start = .
 *(.ARM.exidx* .gnu.linkonce.armexidx.*)
                0x00001f6c                __exidx_end = .
                0x00001f6c                _etext = .

.data_RAM2      0x2007c000        0x0 load address 0x00001f6c
 FILL mask 0xff
                [!provide]                PROVIDE (__start_data_RAM2 = .)
                [!provide]                PROVIDE (__start_data_RamAHB32 = .)
 *(.ramfunc.$RAM2)
 *(.ramfunc.$RamAHB32)
 *(.data.$RAM2)
 *(.data.$RamAHB32)
 *(.data.$RAM2.*)
 *(.data.$RamAHB32.*)
                0x2007c000                . = ALIGN (0x4)
                [!provide]                PROVIDE (__end_data_RAM2 = .)
                [!provide]                PROVIDE (__end_data_RamAHB32 = .)

.uninit_RESERVED
                0x10000000        0x0
                0x10000000                _start_uninit_RESERVED = .
 *(.bss.$RESERVED*)
                0x10000000                . = ALIGN (0x4)
                0x10000000                _end_uninit_RESERVED = .

.data           0x10000000        0x0 load address 0x00001f6c
 FILL mask 0xff
                0x10000000                _data = .
                [!provide]                PROVIDE (__start_data_RAM = .)
                [!provide]                PROVIDE (__start_data_RamLoc32 = .)
 *(vtable)
 *(.ramfunc*)
 *(CodeQuickAccess)
 *(DataQuickAccess)
 *(RamFunction)
 *(.data*)
                0x10000000                . = ALIGN (0x4)
                0x10000000                _edata = .
                [!provide]                PROVIDE (__end_data_RAM = .)
                [!provide]                PROVIDE (__end_data_RamLoc32 = .)

.igot.plt       0x10000000        0x0 load address 0x00001f6c
 .igot.plt      0x10000000        0x0 ./src/ADCMSIS.o

.bss_RAM2       0x2007c000        0x0
                [!provide]                PROVIDE (__start_bss_RAM2 = .)
                [!provide]                PROVIDE (__start_bss_RamAHB32 = .)
 *(.bss.$RAM2)
 *(.bss.$RamAHB32)
 *(.bss.$RAM2.*)
 *(.bss.$RamAHB32.*)
                0x2007c000                . = ALIGN ((. != 0x0)?0x4:0x1)
                [!provide]                PROVIDE (__end_bss_RAM2 = .)
                [!provide]                PROVIDE (__end_bss_RamAHB32 = .)

.bss            0x10000000     0x651c
                0x10000000                _bss = .
                [!provide]                PROVIDE (__start_bss_RAM = .)
                [!provide]                PROVIDE (__start_bss_RamLoc32 = .)
 *(.bss*)
 .bss.filter    0x10000000        0x1 ./src/ADCMSIS.o
                0x10000000                filter
 *fill*         0x10000001        0x3 
 .bss.SFIR      0x10000004        0xc ./src/ADCMSIS.o
                0x10000004                SFIR
 .bss.SIIR      0x10000010       0x10 ./src/ADCMSIS.o
                0x10000010                SIIR
 .bss.fir_state
                0x10000020     0x1190 ./src/ADCMSIS.o
                0x10000020                fir_state
 .bss.iir_state
                0x100011b0     0x1010 ./src/ADCMSIS.o
                0x100011b0                iir_state
 .bss.InputA    0x100021c0     0x1000 ./src/ADCMSIS.o
                0x100021c0                InputA
 .bss.InputB    0x100031c0     0x1000 ./src/ADCMSIS.o
                0x100031c0                InputB
 .bss.OutputA   0x100041c0     0x1000 ./src/ADCMSIS.o
                0x100041c0                OutputA
 .bss.OutputB   0x100051c0     0x1000 ./src/ADCMSIS.o
                0x100051c0                OutputB
 .bss.estado    0x100061c0        0x1 ./src/adc.o
                0x100061c0                estado
 .bss.procesar  0x100061c1        0x1 ./src/adc.o
                0x100061c1                procesar
 .bss.data.1    0x100061c2        0x2 ./src/adc.o
 .bss.index.0   0x100061c4        0x2 ./src/adc.o
 *fill*         0x100061c6        0x2 
 .bss.fir_taps  0x100061c8      0x194 ./src/filter.o
                0x100061c8                fir_taps
 .bss.float_fir_taps
                0x1000635c      0x194 ./src/filter.o
                0x1000635c                float_fir_taps
 .bss.iir_taps  0x100064f0       0x14 ./src/filter.o
                0x100064f0                iir_taps
 .bss.float_iir_taps
                0x10006504       0x14 ./src/filter.o
                0x10006504                float_iir_taps
 .bss.SystemCoreClock
                0x10006518        0x4 C:\Users\asus rog gl552vwdh71\Desktop\TCII\2022\TPL\TPL2\workspace\TCII_2_0\ultimo\workspace\lpc_chip_175x_6x\Debug\liblpc_chip_175x_6x.a(chip_17xx_40xx.o)
                0x10006518                SystemCoreClock
 *(COMMON)
                0x1000651c                . = ALIGN (0x4)
                0x1000651c                _ebss = .
                [!provide]                PROVIDE (__end_bss_RAM = .)
                [!provide]                PROVIDE (__end_bss_RamLoc32 = .)
                [!provide]                PROVIDE (end = .)

.noinit_RAM2    0x2007c000        0x0
                [!provide]                PROVIDE (__start_noinit_RAM2 = .)
                [!provide]                PROVIDE (__start_noinit_RamAHB32 = .)
 *(.noinit.$RAM2)
 *(.noinit.$RamAHB32)
 *(.noinit.$RAM2.*)
 *(.noinit.$RamAHB32.*)
                0x2007c000                . = ALIGN (0x4)
                [!provide]                PROVIDE (__end_noinit_RAM2 = .)
                [!provide]                PROVIDE (__end_noinit_RamAHB32 = .)

.noinit         0x1000651c        0x0
                0x1000651c                _noinit = .
                [!provide]                PROVIDE (__start_noinit_RAM = .)
                [!provide]                PROVIDE (__start_noinit_RamLoc32 = .)
 *(.noinit*)
                0x1000651c                . = ALIGN (0x4)
                0x1000651c                _end_noinit = .
                [!provide]                PROVIDE (__end_noinit_RAM = .)
                [!provide]                PROVIDE (__end_noinit_RamLoc32 = .)
                [!provide]                PROVIDE (_pvHeapStart = DEFINED (__user_heap_base)?__user_heap_base:.)
                0x10008000                PROVIDE (_vStackTop = DEFINED (__user_stack_top)?__user_stack_top:(__top_RamLoc32 - 0x0))
                0xefff74c6                PROVIDE (__valid_user_code_checksum = (0x0 - ((((((_vStackTop + (ResetISR + 0x1)) + (NMI_Handler + 0x1)) + (HardFault_Handler + 0x1)) + (DEFINED (MemManage_Handler)?MemManage_Handler:0x0 + 0x1)) + (DEFINED (BusFault_Handler)?BusFault_Handler:0x0 + 0x1)) + (DEFINED (UsageFault_Handler)?UsageFault_Handler:0x0 + 0x1))))
                0x00000000                _image_start = LOADADDR (.text)
                0x00001f6c                _image_end = (LOADADDR (.data) + SIZEOF (.data))
                0x00001f6c                _image_size = (_image_end - _image_start)
OUTPUT(ADCMSIS.axf elf32-littlearm)
LOAD linker stubs

.debug_info     0x00000000     0x6581
 .debug_info    0x00000000      0x3c0 ./src/ADCMSIS.o
 .debug_info    0x000003c0      0x63c ./src/adc.o
 .debug_info    0x000009fc      0x27e ./src/cr_startup_lpc175x_6x.o
 .debug_info    0x00000c7a       0x3c ./src/crp.o
 .debug_info    0x00000cb6      0x104 ./src/dac.o
 .debug_info    0x00000dba      0x145 ./src/filter.o
 .debug_info    0x00000eff       0xb7 ./src/sysinit.o
 .debug_info    0x00000fb6     0x14de C:\Users\asus rog gl552vwdh71\Desktop\TCII\2022\TPL\TPL2\workspace\TCII_2_0\ultimo\workspace\lpc_board_nxp_lpcxpresso_1769\Debug\liblpc_board_nxp_lpcxpresso_1769.a(board.o)
 .debug_info    0x00002494      0x594 C:\Users\asus rog gl552vwdh71\Desktop\TCII\2022\TPL\TPL2\workspace\TCII_2_0\ultimo\workspace\lpc_board_nxp_lpcxpresso_1769\Debug\liblpc_board_nxp_lpcxpresso_1769.a(board_sysinit.o)
 .debug_info    0x00002a28      0x8b5 C:\Users\asus rog gl552vwdh71\Desktop\TCII\2022\TPL\TPL2\workspace\TCII_2_0\ultimo\workspace\lpc_chip_175x_6x\Debug\liblpc_chip_175x_6x.a(adc_17xx_40xx.o)
 .debug_info    0x000032dd      0x51e C:\Users\asus rog gl552vwdh71\Desktop\TCII\2022\TPL\TPL2\workspace\TCII_2_0\ultimo\workspace\lpc_chip_175x_6x\Debug\liblpc_chip_175x_6x.a(chip_17xx_40xx.o)
 .debug_info    0x000037fb      0xbc8 C:\Users\asus rog gl552vwdh71\Desktop\TCII\2022\TPL\TPL2\workspace\TCII_2_0\ultimo\workspace\lpc_chip_175x_6x\Debug\liblpc_chip_175x_6x.a(clock_17xx_40xx.o)
 .debug_info    0x000043c3      0x1b1 C:\Users\asus rog gl552vwdh71\Desktop\TCII\2022\TPL\TPL2\workspace\TCII_2_0\ultimo\workspace\lpc_chip_175x_6x\Debug\liblpc_chip_175x_6x.a(dac_17xx_40xx.o)
 .debug_info    0x00004574      0x2c8 C:\Users\asus rog gl552vwdh71\Desktop\TCII\2022\TPL\TPL2\workspace\TCII_2_0\ultimo\workspace\lpc_chip_175x_6x\Debug\liblpc_chip_175x_6x.a(iocon_17xx_40xx.o)
 .debug_info    0x0000483c      0x431 C:\Users\asus rog gl552vwdh71\Desktop\TCII\2022\TPL\TPL2\workspace\TCII_2_0\ultimo\workspace\lpc_chip_175x_6x\Debug\liblpc_chip_175x_6x.a(sysinit_17xx_40xx.o)
 .debug_info    0x00004c6d      0xf5c C:\Users\asus rog gl552vwdh71\Desktop\TCII\2022\TPL\TPL2\workspace\TCII_2_0\ultimo\workspace\lpc_chip_175x_6x\Debug\liblpc_chip_175x_6x.a(uart_17xx_40xx.o)
 .debug_info    0x00005bc9      0x1d7 C:\Users\asus rog gl552vwdh71\Desktop\TCII\2022\TPL\TPL2\workspace\TCII_2_0\ultimo\workspace\CMSIS_DSPLIB_CM3\lib\libCMSIS_DSPLIB_CM3.a(arm_float_to_q31.o)
 .debug_info    0x00005da0      0x173 C:\Users\asus rog gl552vwdh71\Desktop\TCII\2022\TPL\TPL2\workspace\TCII_2_0\ultimo\workspace\CMSIS_DSPLIB_CM3\lib\libCMSIS_DSPLIB_CM3.a(arm_biquad_cascade_df1_init_q31.o)
 .debug_info    0x00005f13      0x2b5 C:\Users\asus rog gl552vwdh71\Desktop\TCII\2022\TPL\TPL2\workspace\TCII_2_0\ultimo\workspace\CMSIS_DSPLIB_CM3\lib\libCMSIS_DSPLIB_CM3.a(arm_biquad_cascade_df1_q31.o)
 .debug_info    0x000061c8      0x159 C:\Users\asus rog gl552vwdh71\Desktop\TCII\2022\TPL\TPL2\workspace\TCII_2_0\ultimo\workspace\CMSIS_DSPLIB_CM3\lib\libCMSIS_DSPLIB_CM3.a(arm_fir_init_q31.o)
 .debug_info    0x00006321      0x260 C:\Users\asus rog gl552vwdh71\Desktop\TCII\2022\TPL\TPL2\workspace\TCII_2_0\ultimo\workspace\CMSIS_DSPLIB_CM3\lib\libCMSIS_DSPLIB_CM3.a(arm_fir_q31.o)

.debug_abbrev   0x00000000     0x1be2
 .debug_abbrev  0x00000000      0x109 ./src/ADCMSIS.o
 .debug_abbrev  0x00000109      0x1ab ./src/adc.o
 .debug_abbrev  0x000002b4      0x132 ./src/cr_startup_lpc175x_6x.o
 .debug_abbrev  0x000003e6       0x35 ./src/crp.o
 .debug_abbrev  0x0000041b       0xb8 ./src/dac.o
 .debug_abbrev  0x000004d3       0x70 ./src/filter.o
 .debug_abbrev  0x00000543       0x78 ./src/sysinit.o
 .debug_abbrev  0x000005bb      0x3f0 C:\Users\asus rog gl552vwdh71\Desktop\TCII\2022\TPL\TPL2\workspace\TCII_2_0\ultimo\workspace\lpc_board_nxp_lpcxpresso_1769\Debug\liblpc_board_nxp_lpcxpresso_1769.a(board.o)
 .debug_abbrev  0x000009ab      0x156 C:\Users\asus rog gl552vwdh71\Desktop\TCII\2022\TPL\TPL2\workspace\TCII_2_0\ultimo\workspace\lpc_board_nxp_lpcxpresso_1769\Debug\liblpc_board_nxp_lpcxpresso_1769.a(board_sysinit.o)
 .debug_abbrev  0x00000b01      0x1c0 C:\Users\asus rog gl552vwdh71\Desktop\TCII\2022\TPL\TPL2\workspace\TCII_2_0\ultimo\workspace\lpc_chip_175x_6x\Debug\liblpc_chip_175x_6x.a(adc_17xx_40xx.o)
 .debug_abbrev  0x00000cc1      0x145 C:\Users\asus rog gl552vwdh71\Desktop\TCII\2022\TPL\TPL2\workspace\TCII_2_0\ultimo\workspace\lpc_chip_175x_6x\Debug\liblpc_chip_175x_6x.a(chip_17xx_40xx.o)
 .debug_abbrev  0x00000e06      0x325 C:\Users\asus rog gl552vwdh71\Desktop\TCII\2022\TPL\TPL2\workspace\TCII_2_0\ultimo\workspace\lpc_chip_175x_6x\Debug\liblpc_chip_175x_6x.a(clock_17xx_40xx.o)
 .debug_abbrev  0x0000112b       0xf3 C:\Users\asus rog gl552vwdh71\Desktop\TCII\2022\TPL\TPL2\workspace\TCII_2_0\ultimo\workspace\lpc_chip_175x_6x\Debug\liblpc_chip_175x_6x.a(dac_17xx_40xx.o)
 .debug_abbrev  0x0000121e      0x132 C:\Users\asus rog gl552vwdh71\Desktop\TCII\2022\TPL\TPL2\workspace\TCII_2_0\ultimo\workspace\lpc_chip_175x_6x\Debug\liblpc_chip_175x_6x.a(iocon_17xx_40xx.o)
 .debug_abbrev  0x00001350      0x175 C:\Users\asus rog gl552vwdh71\Desktop\TCII\2022\TPL\TPL2\workspace\TCII_2_0\ultimo\workspace\lpc_chip_175x_6x\Debug\liblpc_chip_175x_6x.a(sysinit_17xx_40xx.o)
 .debug_abbrev  0x000014c5      0x322 C:\Users\asus rog gl552vwdh71\Desktop\TCII\2022\TPL\TPL2\workspace\TCII_2_0\ultimo\workspace\lpc_chip_175x_6x\Debug\liblpc_chip_175x_6x.a(uart_17xx_40xx.o)
 .debug_abbrev  0x000017e7       0xed C:\Users\asus rog gl552vwdh71\Desktop\TCII\2022\TPL\TPL2\workspace\TCII_2_0\ultimo\workspace\CMSIS_DSPLIB_CM3\lib\libCMSIS_DSPLIB_CM3.a(arm_float_to_q31.o)
 .debug_abbrev  0x000018d4       0xb1 C:\Users\asus rog gl552vwdh71\Desktop\TCII\2022\TPL\TPL2\workspace\TCII_2_0\ultimo\workspace\CMSIS_DSPLIB_CM3\lib\libCMSIS_DSPLIB_CM3.a(arm_biquad_cascade_df1_init_q31.o)
 .debug_abbrev  0x00001985       0xd6 C:\Users\asus rog gl552vwdh71\Desktop\TCII\2022\TPL\TPL2\workspace\TCII_2_0\ultimo\workspace\CMSIS_DSPLIB_CM3\lib\libCMSIS_DSPLIB_CM3.a(arm_biquad_cascade_df1_q31.o)
 .debug_abbrev  0x00001a5b       0xb1 C:\Users\asus rog gl552vwdh71\Desktop\TCII\2022\TPL\TPL2\workspace\TCII_2_0\ultimo\workspace\CMSIS_DSPLIB_CM3\lib\libCMSIS_DSPLIB_CM3.a(arm_fir_init_q31.o)
 .debug_abbrev  0x00001b0c       0xd6 C:\Users\asus rog gl552vwdh71\Desktop\TCII\2022\TPL\TPL2\workspace\TCII_2_0\ultimo\workspace\CMSIS_DSPLIB_CM3\lib\libCMSIS_DSPLIB_CM3.a(arm_fir_q31.o)

.debug_aranges  0x00000000      0x750
 .debug_aranges
                0x00000000       0x20 ./src/ADCMSIS.o
 .debug_aranges
                0x00000020       0x30 ./src/adc.o
 .debug_aranges
                0x00000050       0x80 ./src/cr_startup_lpc175x_6x.o
 .debug_aranges
                0x000000d0       0x18 ./src/crp.o
 .debug_aranges
                0x000000e8       0x28 ./src/dac.o
 .debug_aranges
                0x00000110       0x18 ./src/filter.o
 .debug_aranges
                0x00000128       0x20 ./src/sysinit.o
 .debug_aranges
                0x00000148      0x160 C:\Users\asus rog gl552vwdh71\Desktop\TCII\2022\TPL\TPL2\workspace\TCII_2_0\ultimo\workspace\lpc_board_nxp_lpcxpresso_1769\Debug\liblpc_board_nxp_lpcxpresso_1769.a(board.o)
 .debug_aranges
                0x000002a8       0x38 C:\Users\asus rog gl552vwdh71\Desktop\TCII\2022\TPL\TPL2\workspace\TCII_2_0\ultimo\workspace\lpc_board_nxp_lpcxpresso_1769\Debug\liblpc_board_nxp_lpcxpresso_1769.a(board_sysinit.o)
 .debug_aranges
                0x000002e0       0x88 C:\Users\asus rog gl552vwdh71\Desktop\TCII\2022\TPL\TPL2\workspace\TCII_2_0\ultimo\workspace\lpc_chip_175x_6x\Debug\liblpc_chip_175x_6x.a(adc_17xx_40xx.o)
 .debug_aranges
                0x00000368       0x38 C:\Users\asus rog gl552vwdh71\Desktop\TCII\2022\TPL\TPL2\workspace\TCII_2_0\ultimo\workspace\lpc_chip_175x_6x\Debug\liblpc_chip_175x_6x.a(chip_17xx_40xx.o)
 .debug_aranges
                0x000003a0      0x120 C:\Users\asus rog gl552vwdh71\Desktop\TCII\2022\TPL\TPL2\workspace\TCII_2_0\ultimo\workspace\lpc_chip_175x_6x\Debug\liblpc_chip_175x_6x.a(clock_17xx_40xx.o)
 .debug_aranges
                0x000004c0       0x38 C:\Users\asus rog gl552vwdh71\Desktop\TCII\2022\TPL\TPL2\workspace\TCII_2_0\ultimo\workspace\lpc_chip_175x_6x\Debug\liblpc_chip_175x_6x.a(dac_17xx_40xx.o)
 .debug_aranges
                0x000004f8       0x30 C:\Users\asus rog gl552vwdh71\Desktop\TCII\2022\TPL\TPL2\workspace\TCII_2_0\ultimo\workspace\lpc_chip_175x_6x\Debug\liblpc_chip_175x_6x.a(iocon_17xx_40xx.o)
 .debug_aranges
                0x00000528       0x60 C:\Users\asus rog gl552vwdh71\Desktop\TCII\2022\TPL\TPL2\workspace\TCII_2_0\ultimo\workspace\lpc_chip_175x_6x\Debug\liblpc_chip_175x_6x.a(sysinit_17xx_40xx.o)
 .debug_aranges
                0x00000588      0x128 C:\Users\asus rog gl552vwdh71\Desktop\TCII\2022\TPL\TPL2\workspace\TCII_2_0\ultimo\workspace\lpc_chip_175x_6x\Debug\liblpc_chip_175x_6x.a(uart_17xx_40xx.o)
 .debug_aranges
                0x000006b0       0x20 C:\Users\asus rog gl552vwdh71\Desktop\TCII\2022\TPL\TPL2\workspace\TCII_2_0\ultimo\workspace\CMSIS_DSPLIB_CM3\lib\libCMSIS_DSPLIB_CM3.a(arm_float_to_q31.o)
 .debug_aranges
                0x000006d0       0x20 C:\Users\asus rog gl552vwdh71\Desktop\TCII\2022\TPL\TPL2\workspace\TCII_2_0\ultimo\workspace\CMSIS_DSPLIB_CM3\lib\libCMSIS_DSPLIB_CM3.a(arm_biquad_cascade_df1_init_q31.o)
 .debug_aranges
                0x000006f0       0x20 C:\Users\asus rog gl552vwdh71\Desktop\TCII\2022\TPL\TPL2\workspace\TCII_2_0\ultimo\workspace\CMSIS_DSPLIB_CM3\lib\libCMSIS_DSPLIB_CM3.a(arm_biquad_cascade_df1_q31.o)
 .debug_aranges
                0x00000710       0x20 C:\Users\asus rog gl552vwdh71\Desktop\TCII\2022\TPL\TPL2\workspace\TCII_2_0\ultimo\workspace\CMSIS_DSPLIB_CM3\lib\libCMSIS_DSPLIB_CM3.a(arm_fir_init_q31.o)
 .debug_aranges
                0x00000730       0x20 C:\Users\asus rog gl552vwdh71\Desktop\TCII\2022\TPL\TPL2\workspace\TCII_2_0\ultimo\workspace\CMSIS_DSPLIB_CM3\lib\libCMSIS_DSPLIB_CM3.a(arm_fir_q31.o)

.debug_ranges   0x00000000      0x630
 .debug_ranges  0x00000000       0x10 ./src/ADCMSIS.o
 .debug_ranges  0x00000010       0x20 ./src/adc.o
 .debug_ranges  0x00000030       0x70 ./src/cr_startup_lpc175x_6x.o
 .debug_ranges  0x000000a0       0x18 ./src/dac.o
 .debug_ranges  0x000000b8       0x10 ./src/sysinit.o
 .debug_ranges  0x000000c8      0x150 C:\Users\asus rog gl552vwdh71\Desktop\TCII\2022\TPL\TPL2\workspace\TCII_2_0\ultimo\workspace\lpc_board_nxp_lpcxpresso_1769\Debug\liblpc_board_nxp_lpcxpresso_1769.a(board.o)
 .debug_ranges  0x00000218       0x28 C:\Users\asus rog gl552vwdh71\Desktop\TCII\2022\TPL\TPL2\workspace\TCII_2_0\ultimo\workspace\lpc_board_nxp_lpcxpresso_1769\Debug\liblpc_board_nxp_lpcxpresso_1769.a(board_sysinit.o)
 .debug_ranges  0x00000240       0x78 C:\Users\asus rog gl552vwdh71\Desktop\TCII\2022\TPL\TPL2\workspace\TCII_2_0\ultimo\workspace\lpc_chip_175x_6x\Debug\liblpc_chip_175x_6x.a(adc_17xx_40xx.o)
 .debug_ranges  0x000002b8       0x28 C:\Users\asus rog gl552vwdh71\Desktop\TCII\2022\TPL\TPL2\workspace\TCII_2_0\ultimo\workspace\lpc_chip_175x_6x\Debug\liblpc_chip_175x_6x.a(chip_17xx_40xx.o)
 .debug_ranges  0x000002e0      0x110 C:\Users\asus rog gl552vwdh71\Desktop\TCII\2022\TPL\TPL2\workspace\TCII_2_0\ultimo\workspace\lpc_chip_175x_6x\Debug\liblpc_chip_175x_6x.a(clock_17xx_40xx.o)
 .debug_ranges  0x000003f0       0x28 C:\Users\asus rog gl552vwdh71\Desktop\TCII\2022\TPL\TPL2\workspace\TCII_2_0\ultimo\workspace\lpc_chip_175x_6x\Debug\liblpc_chip_175x_6x.a(dac_17xx_40xx.o)
 .debug_ranges  0x00000418       0x20 C:\Users\asus rog gl552vwdh71\Desktop\TCII\2022\TPL\TPL2\workspace\TCII_2_0\ultimo\workspace\lpc_chip_175x_6x\Debug\liblpc_chip_175x_6x.a(iocon_17xx_40xx.o)
 .debug_ranges  0x00000438       0x50 C:\Users\asus rog gl552vwdh71\Desktop\TCII\2022\TPL\TPL2\workspace\TCII_2_0\ultimo\workspace\lpc_chip_175x_6x\Debug\liblpc_chip_175x_6x.a(sysinit_17xx_40xx.o)
 .debug_ranges  0x00000488      0x118 C:\Users\asus rog gl552vwdh71\Desktop\TCII\2022\TPL\TPL2\workspace\TCII_2_0\ultimo\workspace\lpc_chip_175x_6x\Debug\liblpc_chip_175x_6x.a(uart_17xx_40xx.o)
 .debug_ranges  0x000005a0       0x50 C:\Users\asus rog gl552vwdh71\Desktop\TCII\2022\TPL\TPL2\workspace\TCII_2_0\ultimo\workspace\CMSIS_DSPLIB_CM3\lib\libCMSIS_DSPLIB_CM3.a(arm_float_to_q31.o)
 .debug_ranges  0x000005f0       0x10 C:\Users\asus rog gl552vwdh71\Desktop\TCII\2022\TPL\TPL2\workspace\TCII_2_0\ultimo\workspace\CMSIS_DSPLIB_CM3\lib\libCMSIS_DSPLIB_CM3.a(arm_biquad_cascade_df1_init_q31.o)
 .debug_ranges  0x00000600       0x10 C:\Users\asus rog gl552vwdh71\Desktop\TCII\2022\TPL\TPL2\workspace\TCII_2_0\ultimo\workspace\CMSIS_DSPLIB_CM3\lib\libCMSIS_DSPLIB_CM3.a(arm_biquad_cascade_df1_q31.o)
 .debug_ranges  0x00000610       0x10 C:\Users\asus rog gl552vwdh71\Desktop\TCII\2022\TPL\TPL2\workspace\TCII_2_0\ultimo\workspace\CMSIS_DSPLIB_CM3\lib\libCMSIS_DSPLIB_CM3.a(arm_fir_init_q31.o)
 .debug_ranges  0x00000620       0x10 C:\Users\asus rog gl552vwdh71\Desktop\TCII\2022\TPL\TPL2\workspace\TCII_2_0\ultimo\workspace\CMSIS_DSPLIB_CM3\lib\libCMSIS_DSPLIB_CM3.a(arm_fir_q31.o)

.debug_line     0x00000000     0x6344
 .debug_line    0x00000000      0x300 ./src/ADCMSIS.o
 .debug_line    0x00000300      0x357 ./src/adc.o
 .debug_line    0x00000657      0x160 ./src/cr_startup_lpc175x_6x.o
 .debug_line    0x000007b7       0x2d ./src/crp.o
 .debug_line    0x000007e4      0x161 ./src/dac.o
 .debug_line    0x00000945      0x126 ./src/filter.o
 .debug_line    0x00000a6b       0x55 ./src/sysinit.o
 .debug_line    0x00000ac0      0xae0 C:\Users\asus rog gl552vwdh71\Desktop\TCII\2022\TPL\TPL2\workspace\TCII_2_0\ultimo\workspace\lpc_board_nxp_lpcxpresso_1769\Debug\liblpc_board_nxp_lpcxpresso_1769.a(board.o)
 .debug_line    0x000015a0      0x5b7 C:\Users\asus rog gl552vwdh71\Desktop\TCII\2022\TPL\TPL2\workspace\TCII_2_0\ultimo\workspace\lpc_board_nxp_lpcxpresso_1769\Debug\liblpc_board_nxp_lpcxpresso_1769.a(board_sysinit.o)
 .debug_line    0x00001b57      0x6de C:\Users\asus rog gl552vwdh71\Desktop\TCII\2022\TPL\TPL2\workspace\TCII_2_0\ultimo\workspace\lpc_chip_175x_6x\Debug\liblpc_chip_175x_6x.a(adc_17xx_40xx.o)
 .debug_line    0x00002235      0x541 C:\Users\asus rog gl552vwdh71\Desktop\TCII\2022\TPL\TPL2\workspace\TCII_2_0\ultimo\workspace\lpc_chip_175x_6x\Debug\liblpc_chip_175x_6x.a(chip_17xx_40xx.o)
 .debug_line    0x00002776      0x9a8 C:\Users\asus rog gl552vwdh71\Desktop\TCII\2022\TPL\TPL2\workspace\TCII_2_0\ultimo\workspace\lpc_chip_175x_6x\Debug\liblpc_chip_175x_6x.a(clock_17xx_40xx.o)
 .debug_line    0x0000311e      0x4fc C:\Users\asus rog gl552vwdh71\Desktop\TCII\2022\TPL\TPL2\workspace\TCII_2_0\ultimo\workspace\lpc_chip_175x_6x\Debug\liblpc_chip_175x_6x.a(dac_17xx_40xx.o)
 .debug_line    0x0000361a      0x55d C:\Users\asus rog gl552vwdh71\Desktop\TCII\2022\TPL\TPL2\workspace\TCII_2_0\ultimo\workspace\lpc_chip_175x_6x\Debug\liblpc_chip_175x_6x.a(iocon_17xx_40xx.o)
 .debug_line    0x00003b77      0x61a C:\Users\asus rog gl552vwdh71\Desktop\TCII\2022\TPL\TPL2\workspace\TCII_2_0\ultimo\workspace\lpc_chip_175x_6x\Debug\liblpc_chip_175x_6x.a(sysinit_17xx_40xx.o)
 .debug_line    0x00004191      0xa83 C:\Users\asus rog gl552vwdh71\Desktop\TCII\2022\TPL\TPL2\workspace\TCII_2_0\ultimo\workspace\lpc_chip_175x_6x\Debug\liblpc_chip_175x_6x.a(uart_17xx_40xx.o)
 .debug_line    0x00004c14      0x46b C:\Users\asus rog gl552vwdh71\Desktop\TCII\2022\TPL\TPL2\workspace\TCII_2_0\ultimo\workspace\CMSIS_DSPLIB_CM3\lib\libCMSIS_DSPLIB_CM3.a(arm_float_to_q31.o)
 .debug_line    0x0000507f      0x3e2 C:\Users\asus rog gl552vwdh71\Desktop\TCII\2022\TPL\TPL2\workspace\TCII_2_0\ultimo\workspace\CMSIS_DSPLIB_CM3\lib\libCMSIS_DSPLIB_CM3.a(arm_biquad_cascade_df1_init_q31.o)
 .debug_line    0x00005461      0x50a C:\Users\asus rog gl552vwdh71\Desktop\TCII\2022\TPL\TPL2\workspace\TCII_2_0\ultimo\workspace\CMSIS_DSPLIB_CM3\lib\libCMSIS_DSPLIB_CM3.a(arm_biquad_cascade_df1_q31.o)
 .debug_line    0x0000596b      0x3cc C:\Users\asus rog gl552vwdh71\Desktop\TCII\2022\TPL\TPL2\workspace\TCII_2_0\ultimo\workspace\CMSIS_DSPLIB_CM3\lib\libCMSIS_DSPLIB_CM3.a(arm_fir_init_q31.o)
 .debug_line    0x00005d37      0x60d C:\Users\asus rog gl552vwdh71\Desktop\TCII\2022\TPL\TPL2\workspace\TCII_2_0\ultimo\workspace\CMSIS_DSPLIB_CM3\lib\libCMSIS_DSPLIB_CM3.a(arm_fir_q31.o)

.debug_str      0x00000000    0x13d8f
 .debug_str     0x00000000      0x42d ./src/ADCMSIS.o
                                0x4dd (size before relaxing)
 .debug_str     0x0000042d      0x37f ./src/adc.o
                                0x7a2 (size before relaxing)
 .debug_str     0x000007ac      0x17a ./src/cr_startup_lpc175x_6x.o
                                0x2c9 (size before relaxing)
 .debug_str     0x00000926       0x16 ./src/crp.o
                                0x15f (size before relaxing)
 .debug_str     0x0000093c       0x2f ./src/dac.o
                                0x20f (size before relaxing)
 .debug_str     0x0000096b       0x10 ./src/filter.o
                                0x203 (size before relaxing)
 .debug_str     0x0000097b       0x1b ./src/sysinit.o
                                0x205 (size before relaxing)
 .debug_str     0x00000996    0x11d7b C:\Users\asus rog gl552vwdh71\Desktop\TCII\2022\TPL\TPL2\workspace\TCII_2_0\ultimo\workspace\lpc_board_nxp_lpcxpresso_1769\Debug\liblpc_board_nxp_lpcxpresso_1769.a(board.o)
                              0x120a8 (size before relaxing)
 .debug_str     0x00012711      0x22d C:\Users\asus rog gl552vwdh71\Desktop\TCII\2022\TPL\TPL2\workspace\TCII_2_0\ultimo\workspace\lpc_board_nxp_lpcxpresso_1769\Debug\liblpc_board_nxp_lpcxpresso_1769.a(board_sysinit.o)
                              0x115cb (size before relaxing)
 .debug_str     0x0001293e      0x58e C:\Users\asus rog gl552vwdh71\Desktop\TCII\2022\TPL\TPL2\workspace\TCII_2_0\ultimo\workspace\lpc_chip_175x_6x\Debug\liblpc_chip_175x_6x.a(adc_17xx_40xx.o)
                              0x11566 (size before relaxing)
 .debug_str     0x00012ecc       0x83 C:\Users\asus rog gl552vwdh71\Desktop\TCII\2022\TPL\TPL2\workspace\TCII_2_0\ultimo\workspace\lpc_chip_175x_6x\Debug\liblpc_chip_175x_6x.a(chip_17xx_40xx.o)
                              0x112c3 (size before relaxing)
 .debug_str     0x00012f4f      0x623 C:\Users\asus rog gl552vwdh71\Desktop\TCII\2022\TPL\TPL2\workspace\TCII_2_0\ultimo\workspace\lpc_chip_175x_6x\Debug\liblpc_chip_175x_6x.a(clock_17xx_40xx.o)
                              0x11948 (size before relaxing)
 .debug_str     0x00013572       0xb6 C:\Users\asus rog gl552vwdh71\Desktop\TCII\2022\TPL\TPL2\workspace\TCII_2_0\ultimo\workspace\lpc_chip_175x_6x\Debug\liblpc_chip_175x_6x.a(dac_17xx_40xx.o)
                              0x10d85 (size before relaxing)
 .debug_str     0x00013628       0x74 C:\Users\asus rog gl552vwdh71\Desktop\TCII\2022\TPL\TPL2\workspace\TCII_2_0\ultimo\workspace\lpc_chip_175x_6x\Debug\liblpc_chip_175x_6x.a(iocon_17xx_40xx.o)
                              0x10dae (size before relaxing)
 .debug_str     0x0001369c       0xc4 C:\Users\asus rog gl552vwdh71\Desktop\TCII\2022\TPL\TPL2\workspace\TCII_2_0\ultimo\workspace\lpc_chip_175x_6x\Debug\liblpc_chip_175x_6x.a(sysinit_17xx_40xx.o)
                              0x10f96 (size before relaxing)
 .debug_str     0x00013760      0x387 C:\Users\asus rog gl552vwdh71\Desktop\TCII\2022\TPL\TPL2\workspace\TCII_2_0\ultimo\workspace\lpc_chip_175x_6x\Debug\liblpc_chip_175x_6x.a(uart_17xx_40xx.o)
                              0x11806 (size before relaxing)
 .debug_str     0x00013ae7      0x111 C:\Users\asus rog gl552vwdh71\Desktop\TCII\2022\TPL\TPL2\workspace\TCII_2_0\ultimo\workspace\CMSIS_DSPLIB_CM3\lib\libCMSIS_DSPLIB_CM3.a(arm_float_to_q31.o)
                                0x1af (size before relaxing)
 .debug_str     0x00013bf8       0x64 C:\Users\asus rog gl552vwdh71\Desktop\TCII\2022\TPL\TPL2\workspace\TCII_2_0\ultimo\workspace\CMSIS_DSPLIB_CM3\lib\libCMSIS_DSPLIB_CM3.a(arm_biquad_cascade_df1_init_q31.o)
                                0x1db (size before relaxing)
 .debug_str     0x00013c5c       0x86 C:\Users\asus rog gl552vwdh71\Desktop\TCII\2022\TPL\TPL2\workspace\TCII_2_0\ultimo\workspace\CMSIS_DSPLIB_CM3\lib\libCMSIS_DSPLIB_CM3.a(arm_biquad_cascade_df1_q31.o)
                                0x218 (size before relaxing)
 .debug_str     0x00013ce2       0x46 C:\Users\asus rog gl552vwdh71\Desktop\TCII\2022\TPL\TPL2\workspace\TCII_2_0\ultimo\workspace\CMSIS_DSPLIB_CM3\lib\libCMSIS_DSPLIB_CM3.a(arm_fir_init_q31.o)
                                0x1ad (size before relaxing)
 .debug_str     0x00013d28       0x67 C:\Users\asus rog gl552vwdh71\Desktop\TCII\2022\TPL\TPL2\workspace\TCII_2_0\ultimo\workspace\CMSIS_DSPLIB_CM3\lib\libCMSIS_DSPLIB_CM3.a(arm_fir_q31.o)
                                0x1ed (size before relaxing)

.comment        0x00000000       0xb9
 .comment       0x00000000       0x49 ./src/ADCMSIS.o
                                 0x4a (size before relaxing)
 .comment       0x00000049       0x4a ./src/adc.o
 .comment       0x00000049       0x4a ./src/cr_startup_lpc175x_6x.o
 .comment       0x00000049       0x4a ./src/crp.o
 .comment       0x00000049       0x4a ./src/dac.o
 .comment       0x00000049       0x4a ./src/filter.o
 .comment       0x00000049       0x4a ./src/sysinit.o
 .comment       0x00000049       0x4a C:\Users\asus rog gl552vwdh71\Desktop\TCII\2022\TPL\TPL2\workspace\TCII_2_0\ultimo\workspace\lpc_board_nxp_lpcxpresso_1769\Debug\liblpc_board_nxp_lpcxpresso_1769.a(board.o)
 .comment       0x00000049       0x4a C:\Users\asus rog gl552vwdh71\Desktop\TCII\2022\TPL\TPL2\workspace\TCII_2_0\ultimo\workspace\lpc_board_nxp_lpcxpresso_1769\Debug\liblpc_board_nxp_lpcxpresso_1769.a(board_sysinit.o)
 .comment       0x00000049       0x4a C:\Users\asus rog gl552vwdh71\Desktop\TCII\2022\TPL\TPL2\workspace\TCII_2_0\ultimo\workspace\lpc_chip_175x_6x\Debug\liblpc_chip_175x_6x.a(adc_17xx_40xx.o)
 .comment       0x00000049       0x4a C:\Users\asus rog gl552vwdh71\Desktop\TCII\2022\TPL\TPL2\workspace\TCII_2_0\ultimo\workspace\lpc_chip_175x_6x\Debug\liblpc_chip_175x_6x.a(chip_17xx_40xx.o)
 .comment       0x00000049       0x4a C:\Users\asus rog gl552vwdh71\Desktop\TCII\2022\TPL\TPL2\workspace\TCII_2_0\ultimo\workspace\lpc_chip_175x_6x\Debug\liblpc_chip_175x_6x.a(clock_17xx_40xx.o)
 .comment       0x00000049       0x4a C:\Users\asus rog gl552vwdh71\Desktop\TCII\2022\TPL\TPL2\workspace\TCII_2_0\ultimo\workspace\lpc_chip_175x_6x\Debug\liblpc_chip_175x_6x.a(dac_17xx_40xx.o)
 .comment       0x00000049       0x4a C:\Users\asus rog gl552vwdh71\Desktop\TCII\2022\TPL\TPL2\workspace\TCII_2_0\ultimo\workspace\lpc_chip_175x_6x\Debug\liblpc_chip_175x_6x.a(iocon_17xx_40xx.o)
 .comment       0x00000049       0x4a C:\Users\asus rog gl552vwdh71\Desktop\TCII\2022\TPL\TPL2\workspace\TCII_2_0\ultimo\workspace\lpc_chip_175x_6x\Debug\liblpc_chip_175x_6x.a(sysinit_17xx_40xx.o)
 .comment       0x00000049       0x4a C:\Users\asus rog gl552vwdh71\Desktop\TCII\2022\TPL\TPL2\workspace\TCII_2_0\ultimo\workspace\lpc_chip_175x_6x\Debug\liblpc_chip_175x_6x.a(uart_17xx_40xx.o)
 .comment       0x00000049       0x70 C:\Users\asus rog gl552vwdh71\Desktop\TCII\2022\TPL\TPL2\workspace\TCII_2_0\ultimo\workspace\CMSIS_DSPLIB_CM3\lib\libCMSIS_DSPLIB_CM3.a(arm_float_to_q31.o)
                                 0x71 (size before relaxing)
 .comment       0x000000b9       0x71 C:\Users\asus rog gl552vwdh71\Desktop\TCII\2022\TPL\TPL2\workspace\TCII_2_0\ultimo\workspace\CMSIS_DSPLIB_CM3\lib\libCMSIS_DSPLIB_CM3.a(arm_biquad_cascade_df1_init_q31.o)
 .comment       0x000000b9       0x71 C:\Users\asus rog gl552vwdh71\Desktop\TCII\2022\TPL\TPL2\workspace\TCII_2_0\ultimo\workspace\CMSIS_DSPLIB_CM3\lib\libCMSIS_DSPLIB_CM3.a(arm_biquad_cascade_df1_q31.o)
 .comment       0x000000b9       0x71 C:\Users\asus rog gl552vwdh71\Desktop\TCII\2022\TPL\TPL2\workspace\TCII_2_0\ultimo\workspace\CMSIS_DSPLIB_CM3\lib\libCMSIS_DSPLIB_CM3.a(arm_fir_init_q31.o)
 .comment       0x000000b9       0x71 C:\Users\asus rog gl552vwdh71\Desktop\TCII\2022\TPL\TPL2\workspace\TCII_2_0\ultimo\workspace\CMSIS_DSPLIB_CM3\lib\libCMSIS_DSPLIB_CM3.a(arm_fir_q31.o)
 .comment       0x000000b9       0x4a c:/nxp/mcuxpressoide_11.6.0_8187/ide/plugins/com.nxp.mcuxpresso.tools.win32_11.6.0.202112161359/tools/bin/../lib/gcc/arm-none-eabi/10.3.1/../../../../arm-none-eabi/lib/thumb/v7-m/nofp\libcr_c.a(memset.o)
 .comment       0x000000b9       0x4a c:/nxp/mcuxpressoide_11.6.0_8187/ide/plugins/com.nxp.mcuxpresso.tools.win32_11.6.0.202112161359/tools/bin/../lib/gcc/arm-none-eabi/10.3.1/../../../../arm-none-eabi/lib/thumb/v7-m/nofp\libcr_c.a(__weak__main.o)
 .comment       0x000000b9       0x4a c:/nxp/mcuxpressoide_11.6.0_8187/ide/plugins/com.nxp.mcuxpresso.tools.win32_11.6.0.202112161359/tools/bin/../lib/gcc/arm-none-eabi/10.3.1/thumb/v7-m/nofp\libcr_eabihelpers.a(float.o)

.ARM.attributes
                0x00000000       0x2b
 .ARM.attributes
                0x00000000       0x2d ./src/ADCMSIS.o
 .ARM.attributes
                0x0000002d       0x2d ./src/adc.o
 .ARM.attributes
                0x0000005a       0x2d ./src/cr_startup_lpc175x_6x.o
 .ARM.attributes
                0x00000087       0x2d ./src/crp.o
 .ARM.attributes
                0x000000b4       0x2d ./src/dac.o
 .ARM.attributes
                0x000000e1       0x2d ./src/filter.o
 .ARM.attributes
                0x0000010e       0x2d ./src/sysinit.o
 .ARM.attributes
                0x0000013b       0x2d C:\Users\asus rog gl552vwdh71\Desktop\TCII\2022\TPL\TPL2\workspace\TCII_2_0\ultimo\workspace\lpc_board_nxp_lpcxpresso_1769\Debug\liblpc_board_nxp_lpcxpresso_1769.a(board.o)
 .ARM.attributes
                0x00000168       0x2d C:\Users\asus rog gl552vwdh71\Desktop\TCII\2022\TPL\TPL2\workspace\TCII_2_0\ultimo\workspace\lpc_board_nxp_lpcxpresso_1769\Debug\liblpc_board_nxp_lpcxpresso_1769.a(board_sysinit.o)
 .ARM.attributes
                0x00000195       0x2d C:\Users\asus rog gl552vwdh71\Desktop\TCII\2022\TPL\TPL2\workspace\TCII_2_0\ultimo\workspace\lpc_chip_175x_6x\Debug\liblpc_chip_175x_6x.a(adc_17xx_40xx.o)
 .ARM.attributes
                0x000001c2       0x2d C:\Users\asus rog gl552vwdh71\Desktop\TCII\2022\TPL\TPL2\workspace\TCII_2_0\ultimo\workspace\lpc_chip_175x_6x\Debug\liblpc_chip_175x_6x.a(chip_17xx_40xx.o)
 .ARM.attributes
                0x000001ef       0x2d C:\Users\asus rog gl552vwdh71\Desktop\TCII\2022\TPL\TPL2\workspace\TCII_2_0\ultimo\workspace\lpc_chip_175x_6x\Debug\liblpc_chip_175x_6x.a(clock_17xx_40xx.o)
 .ARM.attributes
                0x0000021c       0x2d C:\Users\asus rog gl552vwdh71\Desktop\TCII\2022\TPL\TPL2\workspace\TCII_2_0\ultimo\workspace\lpc_chip_175x_6x\Debug\liblpc_chip_175x_6x.a(dac_17xx_40xx.o)
 .ARM.attributes
                0x00000249       0x2d C:\Users\asus rog gl552vwdh71\Desktop\TCII\2022\TPL\TPL2\workspace\TCII_2_0\ultimo\workspace\lpc_chip_175x_6x\Debug\liblpc_chip_175x_6x.a(iocon_17xx_40xx.o)
 .ARM.attributes
                0x00000276       0x2d C:\Users\asus rog gl552vwdh71\Desktop\TCII\2022\TPL\TPL2\workspace\TCII_2_0\ultimo\workspace\lpc_chip_175x_6x\Debug\liblpc_chip_175x_6x.a(sysinit_17xx_40xx.o)
 .ARM.attributes
                0x000002a3       0x2d C:\Users\asus rog gl552vwdh71\Desktop\TCII\2022\TPL\TPL2\workspace\TCII_2_0\ultimo\workspace\lpc_chip_175x_6x\Debug\liblpc_chip_175x_6x.a(uart_17xx_40xx.o)
 .ARM.attributes
                0x000002d0       0x33 C:\Users\asus rog gl552vwdh71\Desktop\TCII\2022\TPL\TPL2\workspace\TCII_2_0\ultimo\workspace\CMSIS_DSPLIB_CM3\lib\libCMSIS_DSPLIB_CM3.a(arm_float_to_q31.o)
 .ARM.attributes
                0x00000303       0x33 C:\Users\asus rog gl552vwdh71\Desktop\TCII\2022\TPL\TPL2\workspace\TCII_2_0\ultimo\workspace\CMSIS_DSPLIB_CM3\lib\libCMSIS_DSPLIB_CM3.a(arm_biquad_cascade_df1_init_q31.o)
 .ARM.attributes
                0x00000336       0x33 C:\Users\asus rog gl552vwdh71\Desktop\TCII\2022\TPL\TPL2\workspace\TCII_2_0\ultimo\workspace\CMSIS_DSPLIB_CM3\lib\libCMSIS_DSPLIB_CM3.a(arm_biquad_cascade_df1_q31.o)
 .ARM.attributes
                0x00000369       0x33 C:\Users\asus rog gl552vwdh71\Desktop\TCII\2022\TPL\TPL2\workspace\TCII_2_0\ultimo\workspace\CMSIS_DSPLIB_CM3\lib\libCMSIS_DSPLIB_CM3.a(arm_fir_init_q31.o)
 .ARM.attributes
                0x0000039c       0x33 C:\Users\asus rog gl552vwdh71\Desktop\TCII\2022\TPL\TPL2\workspace\TCII_2_0\ultimo\workspace\CMSIS_DSPLIB_CM3\lib\libCMSIS_DSPLIB_CM3.a(arm_fir_q31.o)
 .ARM.attributes
                0x000003cf       0x2d c:/nxp/mcuxpressoide_11.6.0_8187/ide/plugins/com.nxp.mcuxpresso.tools.win32_11.6.0.202112161359/tools/bin/../lib/gcc/arm-none-eabi/10.3.1/../../../../arm-none-eabi/lib/thumb/v7-m/nofp\libcr_c.a(memset.o)
 .ARM.attributes
                0x000003fc       0x2d c:/nxp/mcuxpressoide_11.6.0_8187/ide/plugins/com.nxp.mcuxpresso.tools.win32_11.6.0.202112161359/tools/bin/../lib/gcc/arm-none-eabi/10.3.1/../../../../arm-none-eabi/lib/thumb/v7-m/nofp\libcr_c.a(__weak__main.o)
 .ARM.attributes
                0x00000429       0x2d c:/nxp/mcuxpressoide_11.6.0_8187/ide/plugins/com.nxp.mcuxpresso.tools.win32_11.6.0.202112161359/tools/bin/../lib/gcc/arm-none-eabi/10.3.1/thumb/v7-m/nofp\libcr_eabihelpers.a(float.o)
 .ARM.attributes
                0x00000456       0x1b c:/nxp/mcuxpressoide_11.6.0_8187/ide/plugins/com.nxp.mcuxpresso.tools.win32_11.6.0.202112161359/tools/bin/../lib/gcc/arm-none-eabi/10.3.1/thumb/v7-m/nofp\libcr_eabihelpers.a(memcpy.o)

.debug_frame    0x00000000     0x18bc
 .debug_frame   0x00000000       0x30 ./src/ADCMSIS.o
 .debug_frame   0x00000030       0x78 ./src/adc.o
 .debug_frame   0x000000a8      0x170 ./src/cr_startup_lpc175x_6x.o
 .debug_frame   0x00000218       0x50 ./src/dac.o
 .debug_frame   0x00000268       0x34 ./src/sysinit.o
 .debug_frame   0x0000029c      0x5d4 C:\Users\asus rog gl552vwdh71\Desktop\TCII\2022\TPL\TPL2\workspace\TCII_2_0\ultimo\workspace\lpc_board_nxp_lpcxpresso_1769\Debug\liblpc_board_nxp_lpcxpresso_1769.a(board.o)
 .debug_frame   0x00000870       0x8c C:\Users\asus rog gl552vwdh71\Desktop\TCII\2022\TPL\TPL2\workspace\TCII_2_0\ultimo\workspace\lpc_board_nxp_lpcxpresso_1769\Debug\liblpc_board_nxp_lpcxpresso_1769.a(board_sysinit.o)
 .debug_frame   0x000008fc      0x218 C:\Users\asus rog gl552vwdh71\Desktop\TCII\2022\TPL\TPL2\workspace\TCII_2_0\ultimo\workspace\lpc_chip_175x_6x\Debug\liblpc_chip_175x_6x.a(adc_17xx_40xx.o)
 .debug_frame   0x00000b14       0x88 C:\Users\asus rog gl552vwdh71\Desktop\TCII\2022\TPL\TPL2\workspace\TCII_2_0\ultimo\workspace\lpc_chip_175x_6x\Debug\liblpc_chip_175x_6x.a(chip_17xx_40xx.o)
 .debug_frame   0x00000b9c      0x490 C:\Users\asus rog gl552vwdh71\Desktop\TCII\2022\TPL\TPL2\workspace\TCII_2_0\ultimo\workspace\lpc_chip_175x_6x\Debug\liblpc_chip_175x_6x.a(clock_17xx_40xx.o)
 .debug_frame   0x0000102c       0xac C:\Users\asus rog gl552vwdh71\Desktop\TCII\2022\TPL\TPL2\workspace\TCII_2_0\ultimo\workspace\lpc_chip_175x_6x\Debug\liblpc_chip_175x_6x.a(dac_17xx_40xx.o)
 .debug_frame   0x000010d8       0x80 C:\Users\asus rog gl552vwdh71\Desktop\TCII\2022\TPL\TPL2\workspace\TCII_2_0\ultimo\workspace\lpc_chip_175x_6x\Debug\liblpc_chip_175x_6x.a(iocon_17xx_40xx.o)
 .debug_frame   0x00001158      0x12c C:\Users\asus rog gl552vwdh71\Desktop\TCII\2022\TPL\TPL2\workspace\TCII_2_0\ultimo\workspace\lpc_chip_175x_6x\Debug\liblpc_chip_175x_6x.a(sysinit_17xx_40xx.o)
 .debug_frame   0x00001284      0x538 C:\Users\asus rog gl552vwdh71\Desktop\TCII\2022\TPL\TPL2\workspace\TCII_2_0\ultimo\workspace\lpc_chip_175x_6x\Debug\liblpc_chip_175x_6x.a(uart_17xx_40xx.o)
 .debug_frame   0x000017bc       0x38 C:\Users\asus rog gl552vwdh71\Desktop\TCII\2022\TPL\TPL2\workspace\TCII_2_0\ultimo\workspace\CMSIS_DSPLIB_CM3\lib\libCMSIS_DSPLIB_CM3.a(arm_float_to_q31.o)
 .debug_frame   0x000017f4       0x2c C:\Users\asus rog gl552vwdh71\Desktop\TCII\2022\TPL\TPL2\workspace\TCII_2_0\ultimo\workspace\CMSIS_DSPLIB_CM3\lib\libCMSIS_DSPLIB_CM3.a(arm_biquad_cascade_df1_init_q31.o)
 .debug_frame   0x00001820       0x38 C:\Users\asus rog gl552vwdh71\Desktop\TCII\2022\TPL\TPL2\workspace\TCII_2_0\ultimo\workspace\CMSIS_DSPLIB_CM3\lib\libCMSIS_DSPLIB_CM3.a(arm_biquad_cascade_df1_q31.o)
 .debug_frame   0x00001858       0x2c C:\Users\asus rog gl552vwdh71\Desktop\TCII\2022\TPL\TPL2\workspace\TCII_2_0\ultimo\workspace\CMSIS_DSPLIB_CM3\lib\libCMSIS_DSPLIB_CM3.a(arm_fir_init_q31.o)
 .debug_frame   0x00001884       0x38 C:\Users\asus rog gl552vwdh71\Desktop\TCII\2022\TPL\TPL2\workspace\TCII_2_0\ultimo\workspace\CMSIS_DSPLIB_CM3\lib\libCMSIS_DSPLIB_CM3.a(arm_fir_q31.o)

.debug_macro    0x00000000     0x4baf
 .debug_macro   0x00000000      0x289 C:\Users\asus rog gl552vwdh71\Desktop\TCII\2022\TPL\TPL2\workspace\TCII_2_0\ultimo\workspace\lpc_board_nxp_lpcxpresso_1769\Debug\liblpc_board_nxp_lpcxpresso_1769.a(board.o)
 .debug_macro   0x00000289      0xa78 C:\Users\asus rog gl552vwdh71\Desktop\TCII\2022\TPL\TPL2\workspace\TCII_2_0\ultimo\workspace\lpc_board_nxp_lpcxpresso_1769\Debug\liblpc_board_nxp_lpcxpresso_1769.a(board.o)
 .debug_macro   0x00000d01       0x10 C:\Users\asus rog gl552vwdh71\Desktop\TCII\2022\TPL\TPL2\workspace\TCII_2_0\ultimo\workspace\lpc_board_nxp_lpcxpresso_1769\Debug\liblpc_board_nxp_lpcxpresso_1769.a(board.o)
 .debug_macro   0x00000d11      0x12e C:\Users\asus rog gl552vwdh71\Desktop\TCII\2022\TPL\TPL2\workspace\TCII_2_0\ultimo\workspace\lpc_board_nxp_lpcxpresso_1769\Debug\liblpc_board_nxp_lpcxpresso_1769.a(board.o)
 .debug_macro   0x00000e3f      0x5b3 C:\Users\asus rog gl552vwdh71\Desktop\TCII\2022\TPL\TPL2\workspace\TCII_2_0\ultimo\workspace\lpc_board_nxp_lpcxpresso_1769\Debug\liblpc_board_nxp_lpcxpresso_1769.a(board.o)
 .debug_macro   0x000013f2       0x22 C:\Users\asus rog gl552vwdh71\Desktop\TCII\2022\TPL\TPL2\workspace\TCII_2_0\ultimo\workspace\lpc_board_nxp_lpcxpresso_1769\Debug\liblpc_board_nxp_lpcxpresso_1769.a(board.o)
 .debug_macro   0x00001414       0x7b C:\Users\asus rog gl552vwdh71\Desktop\TCII\2022\TPL\TPL2\workspace\TCII_2_0\ultimo\workspace\lpc_board_nxp_lpcxpresso_1769\Debug\liblpc_board_nxp_lpcxpresso_1769.a(board.o)
 .debug_macro   0x0000148f       0x10 C:\Users\asus rog gl552vwdh71\Desktop\TCII\2022\TPL\TPL2\workspace\TCII_2_0\ultimo\workspace\lpc_board_nxp_lpcxpresso_1769\Debug\liblpc_board_nxp_lpcxpresso_1769.a(board.o)
 .debug_macro   0x0000149f       0x2d C:\Users\asus rog gl552vwdh71\Desktop\TCII\2022\TPL\TPL2\workspace\TCII_2_0\ultimo\workspace\lpc_board_nxp_lpcxpresso_1769\Debug\liblpc_board_nxp_lpcxpresso_1769.a(board.o)
 .debug_macro   0x000014cc       0x3a C:\Users\asus rog gl552vwdh71\Desktop\TCII\2022\TPL\TPL2\workspace\TCII_2_0\ultimo\workspace\lpc_board_nxp_lpcxpresso_1769\Debug\liblpc_board_nxp_lpcxpresso_1769.a(board.o)
 .debug_macro   0x00001506       0x2d C:\Users\asus rog gl552vwdh71\Desktop\TCII\2022\TPL\TPL2\workspace\TCII_2_0\ultimo\workspace\lpc_board_nxp_lpcxpresso_1769\Debug\liblpc_board_nxp_lpcxpresso_1769.a(board.o)
 .debug_macro   0x00001533      0xbb1 C:\Users\asus rog gl552vwdh71\Desktop\TCII\2022\TPL\TPL2\workspace\TCII_2_0\ultimo\workspace\lpc_board_nxp_lpcxpresso_1769\Debug\liblpc_board_nxp_lpcxpresso_1769.a(board.o)
 .debug_macro   0x000020e4      0x22c C:\Users\asus rog gl552vwdh71\Desktop\TCII\2022\TPL\TPL2\workspace\TCII_2_0\ultimo\workspace\lpc_board_nxp_lpcxpresso_1769\Debug\liblpc_board_nxp_lpcxpresso_1769.a(board.o)
 .debug_macro   0x00002310       0x42 C:\Users\asus rog gl552vwdh71\Desktop\TCII\2022\TPL\TPL2\workspace\TCII_2_0\ultimo\workspace\lpc_board_nxp_lpcxpresso_1769\Debug\liblpc_board_nxp_lpcxpresso_1769.a(board.o)
 .debug_macro   0x00002352       0x52 C:\Users\asus rog gl552vwdh71\Desktop\TCII\2022\TPL\TPL2\workspace\TCII_2_0\ultimo\workspace\lpc_board_nxp_lpcxpresso_1769\Debug\liblpc_board_nxp_lpcxpresso_1769.a(board.o)
 .debug_macro   0x000023a4       0x78 C:\Users\asus rog gl552vwdh71\Desktop\TCII\2022\TPL\TPL2\workspace\TCII_2_0\ultimo\workspace\lpc_board_nxp_lpcxpresso_1769\Debug\liblpc_board_nxp_lpcxpresso_1769.a(board.o)
 .debug_macro   0x0000241c       0x82 C:\Users\asus rog gl552vwdh71\Desktop\TCII\2022\TPL\TPL2\workspace\TCII_2_0\ultimo\workspace\lpc_board_nxp_lpcxpresso_1769\Debug\liblpc_board_nxp_lpcxpresso_1769.a(board.o)
 .debug_macro   0x0000249e      0x48c C:\Users\asus rog gl552vwdh71\Desktop\TCII\2022\TPL\TPL2\workspace\TCII_2_0\ultimo\workspace\lpc_board_nxp_lpcxpresso_1769\Debug\liblpc_board_nxp_lpcxpresso_1769.a(board.o)
 .debug_macro   0x0000292a       0x34 C:\Users\asus rog gl552vwdh71\Desktop\TCII\2022\TPL\TPL2\workspace\TCII_2_0\ultimo\workspace\lpc_board_nxp_lpcxpresso_1769\Debug\liblpc_board_nxp_lpcxpresso_1769.a(board.o)
 .debug_macro   0x0000295e      0x4c5 C:\Users\asus rog gl552vwdh71\Desktop\TCII\2022\TPL\TPL2\workspace\TCII_2_0\ultimo\workspace\lpc_board_nxp_lpcxpresso_1769\Debug\liblpc_board_nxp_lpcxpresso_1769.a(board.o)
 .debug_macro   0x00002e23      0x1b7 C:\Users\asus rog gl552vwdh71\Desktop\TCII\2022\TPL\TPL2\workspace\TCII_2_0\ultimo\workspace\lpc_board_nxp_lpcxpresso_1769\Debug\liblpc_board_nxp_lpcxpresso_1769.a(board.o)
 .debug_macro   0x00002fda       0x10 C:\Users\asus rog gl552vwdh71\Desktop\TCII\2022\TPL\TPL2\workspace\TCII_2_0\ultimo\workspace\lpc_board_nxp_lpcxpresso_1769\Debug\liblpc_board_nxp_lpcxpresso_1769.a(board.o)
 .debug_macro   0x00002fea      0x21b C:\Users\asus rog gl552vwdh71\Desktop\TCII\2022\TPL\TPL2\workspace\TCII_2_0\ultimo\workspace\lpc_board_nxp_lpcxpresso_1769\Debug\liblpc_board_nxp_lpcxpresso_1769.a(board.o)
 .debug_macro   0x00003205      0x1b9 C:\Users\asus rog gl552vwdh71\Desktop\TCII\2022\TPL\TPL2\workspace\TCII_2_0\ultimo\workspace\lpc_board_nxp_lpcxpresso_1769\Debug\liblpc_board_nxp_lpcxpresso_1769.a(board.o)
 .debug_macro   0x000033be       0x40 C:\Users\asus rog gl552vwdh71\Desktop\TCII\2022\TPL\TPL2\workspace\TCII_2_0\ultimo\workspace\lpc_board_nxp_lpcxpresso_1769\Debug\liblpc_board_nxp_lpcxpresso_1769.a(board.o)
 .debug_macro   0x000033fe       0x22 C:\Users\asus rog gl552vwdh71\Desktop\TCII\2022\TPL\TPL2\workspace\TCII_2_0\ultimo\workspace\lpc_board_nxp_lpcxpresso_1769\Debug\liblpc_board_nxp_lpcxpresso_1769.a(board.o)
 .debug_macro   0x00003420      0x162 C:\Users\asus rog gl552vwdh71\Desktop\TCII\2022\TPL\TPL2\workspace\TCII_2_0\ultimo\workspace\lpc_board_nxp_lpcxpresso_1769\Debug\liblpc_board_nxp_lpcxpresso_1769.a(board.o)
 .debug_macro   0x00003582       0x94 C:\Users\asus rog gl552vwdh71\Desktop\TCII\2022\TPL\TPL2\workspace\TCII_2_0\ultimo\workspace\lpc_board_nxp_lpcxpresso_1769\Debug\liblpc_board_nxp_lpcxpresso_1769.a(board.o)
 .debug_macro   0x00003616       0xb8 C:\Users\asus rog gl552vwdh71\Desktop\TCII\2022\TPL\TPL2\workspace\TCII_2_0\ultimo\workspace\lpc_board_nxp_lpcxpresso_1769\Debug\liblpc_board_nxp_lpcxpresso_1769.a(board.o)
 .debug_macro   0x000036ce       0x4c C:\Users\asus rog gl552vwdh71\Desktop\TCII\2022\TPL\TPL2\workspace\TCII_2_0\ultimo\workspace\lpc_board_nxp_lpcxpresso_1769\Debug\liblpc_board_nxp_lpcxpresso_1769.a(board.o)
 .debug_macro   0x0000371a       0x16 C:\Users\asus rog gl552vwdh71\Desktop\TCII\2022\TPL\TPL2\workspace\TCII_2_0\ultimo\workspace\lpc_board_nxp_lpcxpresso_1769\Debug\liblpc_board_nxp_lpcxpresso_1769.a(board.o)
 .debug_macro   0x00003730      0x328 C:\Users\asus rog gl552vwdh71\Desktop\TCII\2022\TPL\TPL2\workspace\TCII_2_0\ultimo\workspace\lpc_board_nxp_lpcxpresso_1769\Debug\liblpc_board_nxp_lpcxpresso_1769.a(board.o)
 .debug_macro   0x00003a58       0x49 C:\Users\asus rog gl552vwdh71\Desktop\TCII\2022\TPL\TPL2\workspace\TCII_2_0\ultimo\workspace\lpc_board_nxp_lpcxpresso_1769\Debug\liblpc_board_nxp_lpcxpresso_1769.a(board.o)
 .debug_macro   0x00003aa1       0x16 C:\Users\asus rog gl552vwdh71\Desktop\TCII\2022\TPL\TPL2\workspace\TCII_2_0\ultimo\workspace\lpc_board_nxp_lpcxpresso_1769\Debug\liblpc_board_nxp_lpcxpresso_1769.a(board.o)
 .debug_macro   0x00003ab7       0xca C:\Users\asus rog gl552vwdh71\Desktop\TCII\2022\TPL\TPL2\workspace\TCII_2_0\ultimo\workspace\lpc_board_nxp_lpcxpresso_1769\Debug\liblpc_board_nxp_lpcxpresso_1769.a(board.o)
 .debug_macro   0x00003b81       0x18 C:\Users\asus rog gl552vwdh71\Desktop\TCII\2022\TPL\TPL2\workspace\TCII_2_0\ultimo\workspace\lpc_board_nxp_lpcxpresso_1769\Debug\liblpc_board_nxp_lpcxpresso_1769.a(board.o)
 .debug_macro   0x00003b99       0x70 C:\Users\asus rog gl552vwdh71\Desktop\TCII\2022\TPL\TPL2\workspace\TCII_2_0\ultimo\workspace\lpc_board_nxp_lpcxpresso_1769\Debug\liblpc_board_nxp_lpcxpresso_1769.a(board.o)
 .debug_macro   0x00003c09       0x9a C:\Users\asus rog gl552vwdh71\Desktop\TCII\2022\TPL\TPL2\workspace\TCII_2_0\ultimo\workspace\lpc_board_nxp_lpcxpresso_1769\Debug\liblpc_board_nxp_lpcxpresso_1769.a(board.o)
 .debug_macro   0x00003ca3       0x20 C:\Users\asus rog gl552vwdh71\Desktop\TCII\2022\TPL\TPL2\workspace\TCII_2_0\ultimo\workspace\lpc_board_nxp_lpcxpresso_1769\Debug\liblpc_board_nxp_lpcxpresso_1769.a(board.o)
 .debug_macro   0x00003cc3       0x28 C:\Users\asus rog gl552vwdh71\Desktop\TCII\2022\TPL\TPL2\workspace\TCII_2_0\ultimo\workspace\lpc_board_nxp_lpcxpresso_1769\Debug\liblpc_board_nxp_lpcxpresso_1769.a(board.o)
 .debug_macro   0x00003ceb       0x12 C:\Users\asus rog gl552vwdh71\Desktop\TCII\2022\TPL\TPL2\workspace\TCII_2_0\ultimo\workspace\lpc_board_nxp_lpcxpresso_1769\Debug\liblpc_board_nxp_lpcxpresso_1769.a(board.o)
 .debug_macro   0x00003cfd      0x217 C:\Users\asus rog gl552vwdh71\Desktop\TCII\2022\TPL\TPL2\workspace\TCII_2_0\ultimo\workspace\lpc_board_nxp_lpcxpresso_1769\Debug\liblpc_board_nxp_lpcxpresso_1769.a(board_sysinit.o)
 .debug_macro   0x00003f14      0x1cd C:\Users\asus rog gl552vwdh71\Desktop\TCII\2022\TPL\TPL2\workspace\TCII_2_0\ultimo\workspace\lpc_chip_175x_6x\Debug\liblpc_chip_175x_6x.a(adc_17xx_40xx.o)
 .debug_macro   0x000040e1      0x1cd C:\Users\asus rog gl552vwdh71\Desktop\TCII\2022\TPL\TPL2\workspace\TCII_2_0\ultimo\workspace\lpc_chip_175x_6x\Debug\liblpc_chip_175x_6x.a(chip_17xx_40xx.o)
 .debug_macro   0x000042ae      0x1cd C:\Users\asus rog gl552vwdh71\Desktop\TCII\2022\TPL\TPL2\workspace\TCII_2_0\ultimo\workspace\lpc_chip_175x_6x\Debug\liblpc_chip_175x_6x.a(clock_17xx_40xx.o)
 .debug_macro   0x0000447b      0x1cd C:\Users\asus rog gl552vwdh71\Desktop\TCII\2022\TPL\TPL2\workspace\TCII_2_0\ultimo\workspace\lpc_chip_175x_6x\Debug\liblpc_chip_175x_6x.a(dac_17xx_40xx.o)
 .debug_macro   0x00004648      0x1cd C:\Users\asus rog gl552vwdh71\Desktop\TCII\2022\TPL\TPL2\workspace\TCII_2_0\ultimo\workspace\lpc_chip_175x_6x\Debug\liblpc_chip_175x_6x.a(iocon_17xx_40xx.o)
 .debug_macro   0x00004815      0x1cd C:\Users\asus rog gl552vwdh71\Desktop\TCII\2022\TPL\TPL2\workspace\TCII_2_0\ultimo\workspace\lpc_chip_175x_6x\Debug\liblpc_chip_175x_6x.a(sysinit_17xx_40xx.o)
 .debug_macro   0x000049e2      0x1cd C:\Users\asus rog gl552vwdh71\Desktop\TCII\2022\TPL\TPL2\workspace\TCII_2_0\ultimo\workspace\lpc_chip_175x_6x\Debug\liblpc_chip_175x_6x.a(uart_17xx_40xx.o)

.debug_loc      0x00000000     0x11c6
 .debug_loc     0x00000000      0x21e C:\Users\asus rog gl552vwdh71\Desktop\TCII\2022\TPL\TPL2\workspace\TCII_2_0\ultimo\workspace\CMSIS_DSPLIB_CM3\lib\libCMSIS_DSPLIB_CM3.a(arm_float_to_q31.o)
 .debug_loc     0x0000021e       0x8e C:\Users\asus rog gl552vwdh71\Desktop\TCII\2022\TPL\TPL2\workspace\TCII_2_0\ultimo\workspace\CMSIS_DSPLIB_CM3\lib\libCMSIS_DSPLIB_CM3.a(arm_biquad_cascade_df1_init_q31.o)
 .debug_loc     0x000002ac      0x690 C:\Users\asus rog gl552vwdh71\Desktop\TCII\2022\TPL\TPL2\workspace\TCII_2_0\ultimo\workspace\CMSIS_DSPLIB_CM3\lib\libCMSIS_DSPLIB_CM3.a(arm_biquad_cascade_df1_q31.o)
 .debug_loc     0x0000093c       0x9a C:\Users\asus rog gl552vwdh71\Desktop\TCII\2022\TPL\TPL2\workspace\TCII_2_0\ultimo\workspace\CMSIS_DSPLIB_CM3\lib\libCMSIS_DSPLIB_CM3.a(arm_fir_init_q31.o)
 .debug_loc     0x000009d6      0x7f0 C:\Users\asus rog gl552vwdh71\Desktop\TCII\2022\TPL\TPL2\workspace\TCII_2_0\ultimo\workspace\CMSIS_DSPLIB_CM3\lib\libCMSIS_DSPLIB_CM3.a(arm_fir_q31.o)

.debug_macinfo  0x00000000    0x173a9
 .debug_macinfo
                0x00000000     0x4a55 C:\Users\asus rog gl552vwdh71\Desktop\TCII\2022\TPL\TPL2\workspace\TCII_2_0\ultimo\workspace\CMSIS_DSPLIB_CM3\lib\libCMSIS_DSPLIB_CM3.a(arm_float_to_q31.o)
 .debug_macinfo
                0x00004a55     0x4a55 C:\Users\asus rog gl552vwdh71\Desktop\TCII\2022\TPL\TPL2\workspace\TCII_2_0\ultimo\workspace\CMSIS_DSPLIB_CM3\lib\libCMSIS_DSPLIB_CM3.a(arm_biquad_cascade_df1_init_q31.o)
 .debug_macinfo
                0x000094aa     0x4a55 C:\Users\asus rog gl552vwdh71\Desktop\TCII\2022\TPL\TPL2\workspace\TCII_2_0\ultimo\workspace\CMSIS_DSPLIB_CM3\lib\libCMSIS_DSPLIB_CM3.a(arm_biquad_cascade_df1_q31.o)
 .debug_macinfo
                0x0000deff     0x4a55 C:\Users\asus rog gl552vwdh71\Desktop\TCII\2022\TPL\TPL2\workspace\TCII_2_0\ultimo\workspace\CMSIS_DSPLIB_CM3\lib\libCMSIS_DSPLIB_CM3.a(arm_fir_init_q31.o)
 .debug_macinfo
                0x00012954     0x4a55 C:\Users\asus rog gl552vwdh71\Desktop\TCII\2022\TPL\TPL2\workspace\TCII_2_0\ultimo\workspace\CMSIS_DSPLIB_CM3\lib\libCMSIS_DSPLIB_CM3.a(arm_fir_q31.o)

Cross Reference Table

Symbol                                            File
ADC_IRQHandler                                    ./src/adc.o
BOD_IRQHandler                                    ./src/cr_startup_lpc175x_6x.o
Board_Audio_Init                                  C:\Users\asus rog gl552vwdh71\Desktop\TCII\2022\TPL\TPL2\workspace\TCII_2_0\ultimo\workspace\lpc_board_nxp_lpcxpresso_1769\Debug\liblpc_board_nxp_lpcxpresso_1769.a(board.o)
Board_Buttons_Init                                C:\Users\asus rog gl552vwdh71\Desktop\TCII\2022\TPL\TPL2\workspace\TCII_2_0\ultimo\workspace\lpc_board_nxp_lpcxpresso_1769\Debug\liblpc_board_nxp_lpcxpresso_1769.a(board.o)
Board_Debug_Init                                  C:\Users\asus rog gl552vwdh71\Desktop\TCII\2022\TPL\TPL2\workspace\TCII_2_0\ultimo\workspace\lpc_board_nxp_lpcxpresso_1769\Debug\liblpc_board_nxp_lpcxpresso_1769.a(board.o)
Board_ENET_GetMacADDR                             C:\Users\asus rog gl552vwdh71\Desktop\TCII\2022\TPL\TPL2\workspace\TCII_2_0\ultimo\workspace\lpc_board_nxp_lpcxpresso_1769\Debug\liblpc_board_nxp_lpcxpresso_1769.a(board.o)
Board_I2C_Init                                    C:\Users\asus rog gl552vwdh71\Desktop\TCII\2022\TPL\TPL2\workspace\TCII_2_0\ultimo\workspace\lpc_board_nxp_lpcxpresso_1769\Debug\liblpc_board_nxp_lpcxpresso_1769.a(board.o)
Board_Init                                        C:\Users\asus rog gl552vwdh71\Desktop\TCII\2022\TPL\TPL2\workspace\TCII_2_0\ultimo\workspace\lpc_board_nxp_lpcxpresso_1769\Debug\liblpc_board_nxp_lpcxpresso_1769.a(board.o)
                                                  ./src/ADCMSIS.o
Board_Joystick_Init                               C:\Users\asus rog gl552vwdh71\Desktop\TCII\2022\TPL\TPL2\workspace\TCII_2_0\ultimo\workspace\lpc_board_nxp_lpcxpresso_1769\Debug\liblpc_board_nxp_lpcxpresso_1769.a(board.o)
Board_LED_Set                                     C:\Users\asus rog gl552vwdh71\Desktop\TCII\2022\TPL\TPL2\workspace\TCII_2_0\ultimo\workspace\lpc_board_nxp_lpcxpresso_1769\Debug\liblpc_board_nxp_lpcxpresso_1769.a(board.o)
                                                  ./src/ADCMSIS.o
Board_LED_Test                                    C:\Users\asus rog gl552vwdh71\Desktop\TCII\2022\TPL\TPL2\workspace\TCII_2_0\ultimo\workspace\lpc_board_nxp_lpcxpresso_1769\Debug\liblpc_board_nxp_lpcxpresso_1769.a(board.o)
Board_LED_Toggle                                  C:\Users\asus rog gl552vwdh71\Desktop\TCII\2022\TPL\TPL2\workspace\TCII_2_0\ultimo\workspace\lpc_board_nxp_lpcxpresso_1769\Debug\liblpc_board_nxp_lpcxpresso_1769.a(board.o)
Board_SPI_AssertSSEL                              C:\Users\asus rog gl552vwdh71\Desktop\TCII\2022\TPL\TPL2\workspace\TCII_2_0\ultimo\workspace\lpc_board_nxp_lpcxpresso_1769\Debug\liblpc_board_nxp_lpcxpresso_1769.a(board.o)
Board_SPI_DeassertSSEL                            C:\Users\asus rog gl552vwdh71\Desktop\TCII\2022\TPL\TPL2\workspace\TCII_2_0\ultimo\workspace\lpc_board_nxp_lpcxpresso_1769\Debug\liblpc_board_nxp_lpcxpresso_1769.a(board.o)
Board_SPI_Init                                    C:\Users\asus rog gl552vwdh71\Desktop\TCII\2022\TPL\TPL2\workspace\TCII_2_0\ultimo\workspace\lpc_board_nxp_lpcxpresso_1769\Debug\liblpc_board_nxp_lpcxpresso_1769.a(board.o)
Board_SSP_Init                                    C:\Users\asus rog gl552vwdh71\Desktop\TCII\2022\TPL\TPL2\workspace\TCII_2_0\ultimo\workspace\lpc_board_nxp_lpcxpresso_1769\Debug\liblpc_board_nxp_lpcxpresso_1769.a(board.o)
Board_SetupClocking                               C:\Users\asus rog gl552vwdh71\Desktop\TCII\2022\TPL\TPL2\workspace\TCII_2_0\ultimo\workspace\lpc_board_nxp_lpcxpresso_1769\Debug\liblpc_board_nxp_lpcxpresso_1769.a(board_sysinit.o)
Board_SetupMuxing                                 C:\Users\asus rog gl552vwdh71\Desktop\TCII\2022\TPL\TPL2\workspace\TCII_2_0\ultimo\workspace\lpc_board_nxp_lpcxpresso_1769\Debug\liblpc_board_nxp_lpcxpresso_1769.a(board_sysinit.o)
Board_SystemInit                                  C:\Users\asus rog gl552vwdh71\Desktop\TCII\2022\TPL\TPL2\workspace\TCII_2_0\ultimo\workspace\lpc_board_nxp_lpcxpresso_1769\Debug\liblpc_board_nxp_lpcxpresso_1769.a(board_sysinit.o)
                                                  ./src/sysinit.o
Board_UARTGetChar                                 C:\Users\asus rog gl552vwdh71\Desktop\TCII\2022\TPL\TPL2\workspace\TCII_2_0\ultimo\workspace\lpc_board_nxp_lpcxpresso_1769\Debug\liblpc_board_nxp_lpcxpresso_1769.a(board.o)
Board_UARTPutChar                                 C:\Users\asus rog gl552vwdh71\Desktop\TCII\2022\TPL\TPL2\workspace\TCII_2_0\ultimo\workspace\lpc_board_nxp_lpcxpresso_1769\Debug\liblpc_board_nxp_lpcxpresso_1769.a(board.o)
Board_UARTPutSTR                                  C:\Users\asus rog gl552vwdh71\Desktop\TCII\2022\TPL\TPL2\workspace\TCII_2_0\ultimo\workspace\lpc_board_nxp_lpcxpresso_1769\Debug\liblpc_board_nxp_lpcxpresso_1769.a(board.o)
Board_UART_Init                                   C:\Users\asus rog gl552vwdh71\Desktop\TCII\2022\TPL\TPL2\workspace\TCII_2_0\ultimo\workspace\lpc_board_nxp_lpcxpresso_1769\Debug\liblpc_board_nxp_lpcxpresso_1769.a(board.o)
Board_USBD_Init                                   C:\Users\asus rog gl552vwdh71\Desktop\TCII\2022\TPL\TPL2\workspace\TCII_2_0\ultimo\workspace\lpc_board_nxp_lpcxpresso_1769\Debug\liblpc_board_nxp_lpcxpresso_1769.a(board.o)
BusFault_Handler                                  ./src/cr_startup_lpc175x_6x.o
Buttons_GetStatus                                 C:\Users\asus rog gl552vwdh71\Desktop\TCII\2022\TPL\TPL2\workspace\TCII_2_0\ultimo\workspace\lpc_board_nxp_lpcxpresso_1769\Debug\liblpc_board_nxp_lpcxpresso_1769.a(board.o)
CANActivity_IRQHandler                            ./src/cr_startup_lpc175x_6x.o
CAN_IRQHandler                                    ./src/cr_startup_lpc175x_6x.o
CRP_WORD                                          ./src/crp.o
Chip_ADC_DeInit                                   C:\Users\asus rog gl552vwdh71\Desktop\TCII\2022\TPL\TPL2\workspace\TCII_2_0\ultimo\workspace\lpc_chip_175x_6x\Debug\liblpc_chip_175x_6x.a(adc_17xx_40xx.o)
Chip_ADC_EnableChannel                            C:\Users\asus rog gl552vwdh71\Desktop\TCII\2022\TPL\TPL2\workspace\TCII_2_0\ultimo\workspace\lpc_chip_175x_6x\Debug\liblpc_chip_175x_6x.a(adc_17xx_40xx.o)
                                                  ./src/adc.o
Chip_ADC_Init                                     C:\Users\asus rog gl552vwdh71\Desktop\TCII\2022\TPL\TPL2\workspace\TCII_2_0\ultimo\workspace\lpc_chip_175x_6x\Debug\liblpc_chip_175x_6x.a(adc_17xx_40xx.o)
                                                  ./src/adc.o
Chip_ADC_Int_SetChannelCmd                        C:\Users\asus rog gl552vwdh71\Desktop\TCII\2022\TPL\TPL2\workspace\TCII_2_0\ultimo\workspace\lpc_chip_175x_6x\Debug\liblpc_chip_175x_6x.a(adc_17xx_40xx.o)
                                                  ./src/adc.o
Chip_ADC_ReadByte                                 C:\Users\asus rog gl552vwdh71\Desktop\TCII\2022\TPL\TPL2\workspace\TCII_2_0\ultimo\workspace\lpc_chip_175x_6x\Debug\liblpc_chip_175x_6x.a(adc_17xx_40xx.o)
Chip_ADC_ReadStatus                               C:\Users\asus rog gl552vwdh71\Desktop\TCII\2022\TPL\TPL2\workspace\TCII_2_0\ultimo\workspace\lpc_chip_175x_6x\Debug\liblpc_chip_175x_6x.a(adc_17xx_40xx.o)
Chip_ADC_ReadValue                                C:\Users\asus rog gl552vwdh71\Desktop\TCII\2022\TPL\TPL2\workspace\TCII_2_0\ultimo\workspace\lpc_chip_175x_6x\Debug\liblpc_chip_175x_6x.a(adc_17xx_40xx.o)
                                                  ./src/adc.o
Chip_ADC_SetBurstCmd                              C:\Users\asus rog gl552vwdh71\Desktop\TCII\2022\TPL\TPL2\workspace\TCII_2_0\ultimo\workspace\lpc_chip_175x_6x\Debug\liblpc_chip_175x_6x.a(adc_17xx_40xx.o)
                                                  ./src/adc.o
Chip_ADC_SetSampleRate                            C:\Users\asus rog gl552vwdh71\Desktop\TCII\2022\TPL\TPL2\workspace\TCII_2_0\ultimo\workspace\lpc_chip_175x_6x\Debug\liblpc_chip_175x_6x.a(adc_17xx_40xx.o)
                                                  ./src/adc.o
Chip_ADC_SetStartMode                             C:\Users\asus rog gl552vwdh71\Desktop\TCII\2022\TPL\TPL2\workspace\TCII_2_0\ultimo\workspace\lpc_chip_175x_6x\Debug\liblpc_chip_175x_6x.a(adc_17xx_40xx.o)
Chip_Clock_DisablePLL                             C:\Users\asus rog gl552vwdh71\Desktop\TCII\2022\TPL\TPL2\workspace\TCII_2_0\ultimo\workspace\lpc_chip_175x_6x\Debug\liblpc_chip_175x_6x.a(clock_17xx_40xx.o)
                                                  C:\Users\asus rog gl552vwdh71\Desktop\TCII\2022\TPL\TPL2\workspace\TCII_2_0\ultimo\workspace\lpc_chip_175x_6x\Debug\liblpc_chip_175x_6x.a(sysinit_17xx_40xx.o)
Chip_Clock_DisablePeriphClock                     C:\Users\asus rog gl552vwdh71\Desktop\TCII\2022\TPL\TPL2\workspace\TCII_2_0\ultimo\workspace\lpc_chip_175x_6x\Debug\liblpc_chip_175x_6x.a(clock_17xx_40xx.o)
                                                  C:\Users\asus rog gl552vwdh71\Desktop\TCII\2022\TPL\TPL2\workspace\TCII_2_0\ultimo\workspace\lpc_chip_175x_6x\Debug\liblpc_chip_175x_6x.a(uart_17xx_40xx.o)
                                                  C:\Users\asus rog gl552vwdh71\Desktop\TCII\2022\TPL\TPL2\workspace\TCII_2_0\ultimo\workspace\lpc_chip_175x_6x\Debug\liblpc_chip_175x_6x.a(i2s_17xx_40xx.o)
                                                  C:\Users\asus rog gl552vwdh71\Desktop\TCII\2022\TPL\TPL2\workspace\TCII_2_0\ultimo\workspace\lpc_chip_175x_6x\Debug\liblpc_chip_175x_6x.a(adc_17xx_40xx.o)
Chip_Clock_EnablePLL                              C:\Users\asus rog gl552vwdh71\Desktop\TCII\2022\TPL\TPL2\workspace\TCII_2_0\ultimo\workspace\lpc_chip_175x_6x\Debug\liblpc_chip_175x_6x.a(clock_17xx_40xx.o)
                                                  C:\Users\asus rog gl552vwdh71\Desktop\TCII\2022\TPL\TPL2\workspace\TCII_2_0\ultimo\workspace\lpc_chip_175x_6x\Debug\liblpc_chip_175x_6x.a(sysinit_17xx_40xx.o)
                                                  C:\Users\asus rog gl552vwdh71\Desktop\TCII\2022\TPL\TPL2\workspace\TCII_2_0\ultimo\workspace\lpc_chip_175x_6x\Debug\liblpc_chip_175x_6x.a(chip_17xx_40xx.o)
Chip_Clock_EnablePeriphClock                      C:\Users\asus rog gl552vwdh71\Desktop\TCII\2022\TPL\TPL2\workspace\TCII_2_0\ultimo\workspace\lpc_chip_175x_6x\Debug\liblpc_chip_175x_6x.a(clock_17xx_40xx.o)
                                                  C:\Users\asus rog gl552vwdh71\Desktop\TCII\2022\TPL\TPL2\workspace\TCII_2_0\ultimo\workspace\lpc_chip_175x_6x\Debug\liblpc_chip_175x_6x.a(uart_17xx_40xx.o)
                                                  C:\Users\asus rog gl552vwdh71\Desktop\TCII\2022\TPL\TPL2\workspace\TCII_2_0\ultimo\workspace\lpc_chip_175x_6x\Debug\liblpc_chip_175x_6x.a(i2s_17xx_40xx.o)
                                                  C:\Users\asus rog gl552vwdh71\Desktop\TCII\2022\TPL\TPL2\workspace\TCII_2_0\ultimo\workspace\lpc_chip_175x_6x\Debug\liblpc_chip_175x_6x.a(chip_17xx_40xx.o)
                                                  C:\Users\asus rog gl552vwdh71\Desktop\TCII\2022\TPL\TPL2\workspace\TCII_2_0\ultimo\workspace\lpc_chip_175x_6x\Debug\liblpc_chip_175x_6x.a(adc_17xx_40xx.o)