21:26:21 **** Incremental Build of configuration Debug for project ADCMSIS ****
make -r -j8 all 
Building file: ../src/adc.c
Invoking: MCU C Compiler
arm-none-eabi-gcc -DDEBUG -D__CODE_RED -DCORE_M3 -D__USE_LPCOPEN -D__USE_CMSIS_DSPLIB=CMSIS_DSPLIB_CM3 -D__LPC17XX__ -D__REDLIB__ -I"C:\Users\asus rog gl552vwdh71\Desktop\TCII\2022\TPL\TPL2\workspace\TCII_2_0\ultimo\workspace\lpc_board_nxp_lpcxpresso_1769\inc" -I"C:\Users\asus rog gl552vwdh71\Desktop\TCII\2022\TPL\TPL2\workspace\TCII_2_0\ultimo\workspace\ADCMSIS\inc" -I"C:\Users\asus rog gl552vwdh71\Desktop\TCII\2022\TPL\TPL2\workspace\TCII_2_0\ultimo\workspace\lpc_chip_175x_6x\inc" -I"C:\Users\asus rog gl552vwdh71\Desktop\TCII\2022\TPL\TPL2\workspace\TCII_2_0\ultimo\workspace\CMSIS_DSPLIB_CM3\inc" -O0 -fno-common -g -Wall -c -fmessage-length=0 -fno-builtin -ffunction-sections -fdata-sections -fmerge-constants -fmacro-prefix-map="../src/"= -mcpu=cortex-m3 -mthumb -D__REDLIB__ -fstack-usage -specs=redlib.specs -MMD -MP -MF"src/adc.d" -MT"src/adc.o" -MT"src/adc.d" -o "src/adc.o" "../src/adc.c"
Finished building: ../src/adc.c
 
Building target: ADCMSIS.axf
Invoking: MCU Linker
arm-none-eabi-gcc -nostdlib -L"C:\Users\asus rog gl552vwdh71\Desktop\TCII\2022\TPL\TPL2\workspace\TCII_2_0\ultimo\workspace\lpc_board_nxp_lpcxpresso_1769\Debug" -L"C:\Users\asus rog gl552vwdh71\Desktop\TCII\2022\TPL\TPL2\workspace\TCII_2_0\ultimo\workspace\lpc_chip_175x_6x\Debug" -L"C:\Users\asus rog gl552vwdh71\Desktop\TCII\2022\TPL\TPL2\workspace\TCII_2_0\ultimo\workspace\CMSIS_DSPLIB_CM3\lib" -Xlinker -Map="ADCMSIS.map" -Xlinker --cref -Xlinker --gc-sections -Xlinker -print-memory-usage -mcpu=cortex-m3 -mthumb -T ADCMSIS_Debug.ld -o "ADCMSIS.axf" ./src/ADCMSIS.o ./src/adc.o ./src/cr_startup_lpc175x_6x.o ./src/crp.o ./src/dac.o ./src/filter.o ./src/sysinit.o   -llpc_board_nxp_lpcxpresso_1769 -llpc_chip_175x_6x -lCMSIS_DSPLIB_CM3
Memory region         Used Size  Region Size  %age Used
       MFlash512:        8044 B       512 KB      1.53%
        RamLoc32:       25884 B        32 KB     78.99%
        RamAHB32:          0 GB        32 KB      0.00%
Finished building target: ADCMSIS.axf
 
Performing post-build steps
arm-none-eabi-size "ADCMSIS.axf"; # arm-none-eabi-objcopy -v -O binary "ADCMSIS.axf" "ADCMSIS.bin" ; # checksum -p LPC1769 -d "ADCMSIS.bin";
   text	   data	    bss	    dec	    hex	filename
   8044	      0	  25884	  33928	   8488	ADCMSIS.axf
 

21:26:22 Build Finished. 0 errors, 0 warnings. (took 1s.8ms)

