21:26:20 **** Incremental Build of configuration Debug for project lpc_board_nxp_lpcxpresso_1769 ****
make -r -j8 all 
make[1]: Nothing to be done for 'main-build'.
Performing post-build steps
arm-none-eabi-size "liblpc_board_nxp_lpcxpresso_1769.a" ; # arm-none-eabi-objdump -h -S "liblpc_board_nxp_lpcxpresso_1769.a" >"liblpc_board_nxp_lpcxpresso_1769.lss"
   text	   data	    bss	    dec	    hex	filename
   2217	      0	      0	   2217	    8a9	board.o (ex liblpc_board_nxp_lpcxpresso_1769.a)
    202	      0	      0	    202	     ca	board_sysinit.o (ex liblpc_board_nxp_lpcxpresso_1769.a)
    860	      0	     18	    878	    36e	lpc_phy_smsc87x0.o (ex liblpc_board_nxp_lpcxpresso_1769.a)
 
21:26:21 **** Incremental Build of configuration Debug for project lpc_chip_175x_6x ****
make -r -j8 all 
make[1]: Nothing to be done for 'main-build'.
Performing post-build steps
arm-none-eabi-size "liblpc_chip_175x_6x.a" ; # arm-none-eabi-objdump -h -S "liblpc_chip_175x_6x.a" >"liblpc_chip_175x_6x.lss"
   text	   data	    bss	    dec	    hex	filename
    940	      0	      0	    940	    3ac	adc_17xx_40xx.o (ex liblpc_chip_175x_6x.a)
   8630	      0	      0	   8630	   21b6	can_17xx_40xx.o (ex liblpc_chip_175x_6x.a)
    172	      0	      4	    176	     b0	chip_17xx_40xx.o (ex liblpc_chip_175x_6x.a)
   1602	      0	      0	   1602	    642	clock_17xx_40xx.o (ex liblpc_chip_175x_6x.a)
      0	      0	      0	      0	      0	cmp_17xx_40xx.o (ex liblpc_chip_175x_6x.a)
      0	      0	      0	      0	      0	crc_17xx_40xx.o (ex liblpc_chip_175x_6x.a)
    140	      0	      0	    140	     8c	dac_17xx_40xx.o (ex liblpc_chip_175x_6x.a)
      0	      0	      0	      0	      0	eeprom_17xx_40xx.o (ex liblpc_chip_175x_6x.a)
      0	      0	      0	      0	      0	emc_17xx_40xx.o (ex liblpc_chip_175x_6x.a)
   1091	      0	      4	   1095	    447	enet_17xx_40xx.o (ex liblpc_chip_175x_6x.a)
   2248	     96	      8	   2352	    930	gpdma_17xx_40xx.o (ex liblpc_chip_175x_6x.a)
      0	      0	      0	      0	      0	gpio_17xx_40xx.o (ex liblpc_chip_175x_6x.a)
      0	      0	      0	      0	      0	gpioint_17xx_40xx.o (ex liblpc_chip_175x_6x.a)
   3699	     84	    120	   3903	    f3f	i2c_17xx_40xx.o (ex liblpc_chip_175x_6x.a)
   1724	      0	      0	   1724	    6bc	i2s_17xx_40xx.o (ex liblpc_chip_175x_6x.a)
    552	      0	      0	    552	    228	iap.o (ex liblpc_chip_175x_6x.a)
    302	      0	      0	    302	    12e	iocon_17xx_40xx.o (ex liblpc_chip_175x_6x.a)
      0	      0	      0	      0	      0	lcd_17xx_40xx.o (ex liblpc_chip_175x_6x.a)
    280	      0	      0	    280	    118	pmu_17xx_40xx.o (ex liblpc_chip_175x_6x.a)
    962	      0	      0	    962	    3c2	ring_buffer.o (ex liblpc_chip_175x_6x.a)
    238	      0	      0	    238	     ee	ritimer_17xx_40xx.o (ex liblpc_chip_175x_6x.a)
    746	      0	      0	    746	    2ea	rtc_17xx_40xx.o (ex liblpc_chip_175x_6x.a)
      0	      0	      0	      0	      0	sdc_17xx_40xx.o (ex liblpc_chip_175x_6x.a)
      0	      0	      0	      0	      0	sdmmc_17xx_40xx.o (ex liblpc_chip_175x_6x.a)
   1036	      0	      0	   1036	    40c	spi_17xx_40xx.o (ex liblpc_chip_175x_6x.a)
   2270	      0	      0	   2270	    8de	ssp_17xx_40xx.o (ex liblpc_chip_175x_6x.a)
    362	      0	     12	    374	    176	stopwatch_17xx_40xx.o (ex liblpc_chip_175x_6x.a)
     44	      0	      0	     44	     2c	sysctl_17xx_40xx.o (ex liblpc_chip_175x_6x.a)
    470	      0	      0	    470	    1d6	sysinit_17xx_40xx.o (ex liblpc_chip_175x_6x.a)
    310	      0	      0	    310	    136	timer_17xx_40xx.o (ex liblpc_chip_175x_6x.a)
   2326	      0	      1	   2327	    917	uart_17xx_40xx.o (ex liblpc_chip_175x_6x.a)
     94	      0	      0	     94	     5e	wwdt_17xx_40xx.o (ex liblpc_chip_175x_6x.a)
 
21:26:21 **** Incremental Build of configuration Debug for project ADCMSIS ****
make -r -j8 all 
Building file: ../src/adc.c
Invoking: MCU C Compiler
arm-none-eabi-gcc -DDEBUG -D__CODE_RED -DCORE_M3 -D__USE_LPCOPEN -D__USE_CMSIS_DSPLIB=CMSIS_DSPLIB_CM3 -D__LPC17XX__ -D__REDLIB__ -I"C:\Users\asus rog gl552vwdh71\Desktop\TCII\2022\TPL\TPL2\workspace\TCII_2_0\ultimo\workspace\lpc_board_nxp_lpcxpresso_1769\inc" -I"C:\Users\asus rog gl552vwdh71\Desktop\TCII\2022\TPL\TPL2\workspace\TCII_2_0\ultimo\workspace\ADCMSIS\inc" -I"C:\Users\asus rog gl552vwdh71\Desktop\TCII\2022\TPL\TPL2\workspace\TCII_2_0\ultimo\workspace\lpc_chip_175x_6x\inc" -I"C:\Users\asus rog gl552vwdh71\Desktop\TCII\2022\TPL\TPL2\workspace\TCII_2_0\ultimo\workspace\CMSIS_DSPLIB_CM3\inc" -O0 -fno-common -g -Wall -c -fmessage-length=0 -fno-builtin -ffunction-sections -fdata-sections -fmerge-constants -fmacro-prefix-map="../src/"= -mcpu=cortex-m3 -mthumb -D__REDLIB__ -fstack-usage -specs=redlib.specs -MMD -MP -MF"src/adc.d" -MT"src/adc.o" -MT"src/adc.d" -o "src/adc.o" "../src/adc.c"
Finished building: ../src/adc.c
 
Building target: ADCMSIS.axf
Invoking: MCU Linker
arm-none-eabi-gcc -nostdlib -L"C:\Users\asus rog gl552vwdh71\Desktop\TCII\2022\TPL\TPL2\workspace\TCII_2_0\ultimo\workspace\lpc_board_nxp_lpcxpresso_1769\Debug" -L"C:\Users\asus rog gl552vwdh71\Desktop\TCII\2022\TPL\TPL2\workspace\TCII_2_0\ultimo\workspace\lpc_chip_175x_6x\Debug" -L"C:\Users\asus rog gl552vwdh71\Desktop\TCII\2022\TPL\TPL2\workspace\TCII_2_0\ultimo\workspace\CMSIS_DSPLIB_CM3\lib" -Xlinker -Map="ADCMSIS.map" -Xlinker --cref -Xlinker --gc-sections -Xlinker -print-memory-usage -mcpu=cortex-m3 -mthumb -T ADCMSIS_Debug.ld -o "ADCMSIS.axf" ./src/ADCMSIS.o ./src/adc.o ./src/cr_startup_lpc175x_6x.o ./src/crp.o ./src/dac.o ./src/filter.o ./src/sysinit.o   -llpc_board_nxp_lpcxpresso_1769 -llpc_chip_175x_6x -lCMSIS_DSPLIB_CM3
Memory region         Used Size  Region Size  %age Used
       MFlash512:        8044 B       512 KB      1.53%
        RamLoc32:       25884 B        32 KB     78.99%
        RamAHB32:          0 GB        32 KB      0.00%
Finished building target: ADCMSIS.axf
 
Performing post-build steps
arm-none-eabi-size "ADCMSIS.axf"; # arm-none-eabi-objcopy -v -O binary "ADCMSIS.axf" "ADCMSIS.bin" ; # checksum -p LPC1769 -d "ADCMSIS.bin";
   text	   data	    bss	    dec	    hex	filename
   8044	      0	  25884	  33928	   8488	ADCMSIS.axf
 
